<html>
<body>
<pre>
<h1>µVision Build Log</h1>
<h2>Tool Versions:</h2>
IDE-Version: µVision V5.43.1.0
Copyright (C) 2025 ARM Ltd and ARM Germany GmbH. All rights reserved.
License Information: “ËıÓÌ œ‡ÌÓ‚, Noosphere, LIC=----
 
Tool Versions:
Toolchain:       MDK-Lite  Version: 5.43.0.0
Toolchain Path:  C:\Users\Hocust\AppData\Local\Keil_v5\ARM\ARMCLANG\Bin
C Compiler:      ArmClang.exe V6.24
Assembler:       Armasm.exe V6.24
Linker/Locator:  ArmLink.exe V6.24
Library Manager: ArmAr.exe V6.24
Hex Converter:   FromElf.exe V6.24
CPU DLL:         SARMCM3.DLL V5.43.0.0
Dialog DLL:      DARMCM1.DLL V1.19.6.0
Target DLL:      STLink\ST-LINKIII-KEIL_SWO.dll V3.3.1.0
Dialog DLL:      TARMCM1.DLL V1.14.6.0
 
<h2>Project:</h2>
C:\KEIL_projects\Pyrobobber\poplavokPY\MDK-ARM\poplavok.uvprojx
Project File Date:  02/10/2026

<h2>Output:</h2>
*** Using Compiler 'V6.24', folder: 'C:\Users\Hocust\AppData\Local\Keil_v5\ARM\ARMCLANG\Bin'
Rebuild target 'Target_1'
compiling py32f002b_hal_adc.c...
compiling main.c...
compiling system_py32f002b.c...
compiling py32f002b_hal_msp.c...
compiling py32f002b_it.c...
compiling py32f002b_hal.c...
assembling startup_py32f002bxx.s...
compiling py32f002b_hal_crc.c...
compiling py32f002b_hal_cortex.c...
compiling py32f002b_hal_exti.c...
compiling py32f002b_hal_comp.c...
compiling py32f002b_hal_gpio.c...
compiling py32f002b_hal_i2c.c...
compiling py32f002b_hal_flash.c...
compiling py32f002b_hal_iwdg.c...
compiling py32f002b_hal_pwr.c...
compiling py32f002b_hal_lptim.c...
compiling py32f002b_hal_rcc_ex.c...
compiling py32f002b_hal_rcc.c...
compiling py32f002b_hal_tim.c...
compiling py32f002b_hal_tim_ex.c...
compiling py32f002b_hal_usart.c...
compiling py32f002bxx_Start_Kit.c...
compiling py32f002b_hal_spi.c...
compiling py32f002b_hal_uart.c...
compiling LoRa_lib.c...
linking...
Program Size: Code=5600 RO-data=320 RW-data=12 ZI-data=1212  
".\Objects\poplavok.axf" - 0 Error(s), 0 Warning(s).

<h2>Software Packages used:</h2>

Package Vendor: ARM
                https://www.keil.com/pack/ARM.CMSIS.6.3.0.pack
                ARM::CMSIS@6.3.0
                CMSIS (Common Microcontroller Software Interface Standard)
   * Component: CORE Version: 6.2.0

Package Vendor: Puya
                https://www.puyasemi.com/uploadfiles/Puya.PY32F0xx_DFP.1.2.0.pack
                Puya::PY32F0xx_DFP@1.2.0
                Puya PY32F0 Series Device Support

<h2>Collection of Component include folders:</h2>
  ./RTE/_Target_1
  C:/Users/Hocust/AppData/Local/Arm/Packs/ARM/CMSIS/6.3.0/CMSIS/Core/Include
  C:/Users/Hocust/AppData/Local/Arm/Packs/Puya/PY32F0xx_DFP/1.2.0/Drivers/CMSIS/Device/Puya/PY32F0xx/Include

<h2>Collection of Component Files used:</h2>

   * Component: ARM::CMSIS:CORE@6.2.0
Build Time Elapsed:  00:00:08
</pre>
</body>
</html>
