Component: Arm Compiler for Embedded 6.24 Tool: armlink [5f371500]

==============================================================================

Section Cross References

    startup_py32f002bxx.o(STACK) refers (Special) to heapauxi.o(.text) for __use_two_region_memory
    startup_py32f002bxx.o(HEAP) refers (Special) to heapauxi.o(.text) for __use_two_region_memory
    startup_py32f002bxx.o(RESET) refers (Special) to heapauxi.o(.text) for __use_two_region_memory
    startup_py32f002bxx.o(RESET) refers to startup_py32f002bxx.o(STACK) for __initial_sp
    startup_py32f002bxx.o(RESET) refers to startup_py32f002bxx.o(.text) for Reset_Handler
    startup_py32f002bxx.o(RESET) refers to py32f002b_it.o(.text.NMI_Handler) for NMI_Handler
    startup_py32f002bxx.o(RESET) refers to py32f002b_it.o(.text.HardFault_Handler) for HardFault_Handler
    startup_py32f002bxx.o(RESET) refers to py32f002b_it.o(.text.SVC_Handler) for SVC_Handler
    startup_py32f002bxx.o(RESET) refers to py32f002b_it.o(.text.PendSV_Handler) for PendSV_Handler
    startup_py32f002bxx.o(RESET) refers to py32f002b_it.o(.text.SysTick_Handler) for SysTick_Handler
    startup_py32f002bxx.o(RESET) refers to py32f002b_it.o(.text.EXTI0_1_IRQHandler) for EXTI0_1_IRQHandler
    startup_py32f002bxx.o(.text) refers (Special) to heapauxi.o(.text) for __use_two_region_memory
    startup_py32f002bxx.o(.text) refers to system_py32f002b.o(.text.SystemInit) for SystemInit
    startup_py32f002bxx.o(.text) refers to __main.o(!!!main) for __main
    startup_py32f002bxx.o(.text) refers to startup_py32f002bxx.o(HEAP) for Heap_Mem
    startup_py32f002bxx.o(.text) refers to startup_py32f002bxx.o(STACK) for Stack_Mem
    system_py32f002b.o(.text.SystemCoreClockUpdate) refers to system_py32f002b.o(.rodata.HSIFreqTable) for HSIFreqTable
    system_py32f002b.o(.text.SystemCoreClockUpdate) refers to system_py32f002b.o(.data.SystemCoreClock) for SystemCoreClock
    system_py32f002b.o(.text.SystemCoreClockUpdate) refers to system_py32f002b.o(.rodata.AHBPrescTable) for AHBPrescTable
    system_py32f002b.o(.ARM.exidx.text.SystemCoreClockUpdate) refers to system_py32f002b.o(.text.SystemCoreClockUpdate) for [Anonymous Symbol]
    system_py32f002b.o(.ARM.exidx.text.SystemInit) refers to system_py32f002b.o(.text.SystemInit) for [Anonymous Symbol]
    main.o(.text.main) refers to py32f002b_hal.o(.text.HAL_Init) for HAL_Init
    main.o(.text.main) refers to rt_memclr.o(.text) for __aeabi_memclr4
    main.o(.text.main) refers to py32f002b_hal_rcc.o(.text.HAL_RCC_OscConfig) for HAL_RCC_OscConfig
    main.o(.text.main) refers to py32f002b_hal_rcc.o(.text.HAL_RCC_ClockConfig) for HAL_RCC_ClockConfig
    main.o(.text.main) refers to lora_lib.o(.text.LORALIB_LORA_Init) for LORALIB_LORA_Init
    main.o(.text.main) refers to lora_lib.o(.text.LORALIB_LORA_SendPacket) for LORALIB_LORA_SendPacket
    main.o(.text.main) refers to py32f002b_hal_gpio.o(.text.HAL_GPIO_Init) for HAL_GPIO_Init
    main.o(.text.main) refers to py32f002b_hal_cortex.o(.text.HAL_NVIC_EnableIRQ) for HAL_NVIC_EnableIRQ
    main.o(.text.main) refers to py32f002b_hal_cortex.o(.text.HAL_NVIC_SetPriority) for HAL_NVIC_SetPriority
    main.o(.text.main) refers to lora_lib.o(.text.LORALIB_LORA_ReceivePacket) for LORALIB_LORA_ReceivePacket
    main.o(.text.main) refers to py32f002b_hal.o(.text.HAL_Delay) for HAL_Delay
    main.o(.text.main) refers to py32f002b_it.o(.bss.EXTI_Flag) for EXTI_Flag
    main.o(.ARM.exidx.text.main) refers to main.o(.text.main) for [Anonymous Symbol]
    main.o(.ARM.exidx.text.APP_ErrorHandler) refers to main.o(.text.APP_ErrorHandler) for [Anonymous Symbol]
    py32f002b_hal_msp.o(.ARM.exidx.text.HAL_MspInit) refers to py32f002b_hal_msp.o(.text.HAL_MspInit) for [Anonymous Symbol]
    py32f002b_hal_msp.o(.text.HAL_SPI_MspInit) refers to py32f002b_hal_gpio.o(.text.HAL_GPIO_Init) for HAL_GPIO_Init
    py32f002b_hal_msp.o(.ARM.exidx.text.HAL_SPI_MspInit) refers to py32f002b_hal_msp.o(.text.HAL_SPI_MspInit) for [Anonymous Symbol]
    py32f002b_hal_msp.o(.text.HAL_SPI_MspDeInit) refers to py32f002b_hal_gpio.o(.text.HAL_GPIO_DeInit) for HAL_GPIO_DeInit
    py32f002b_hal_msp.o(.ARM.exidx.text.HAL_SPI_MspDeInit) refers to py32f002b_hal_msp.o(.text.HAL_SPI_MspDeInit) for [Anonymous Symbol]
    py32f002b_hal_msp.o(.text.HAL_UART_MspInit) refers to py32f002b_hal_gpio.o(.text.HAL_GPIO_Init) for HAL_GPIO_Init
    py32f002b_hal_msp.o(.ARM.exidx.text.HAL_UART_MspInit) refers to py32f002b_hal_msp.o(.text.HAL_UART_MspInit) for [Anonymous Symbol]
    py32f002b_it.o(.ARM.exidx.text.NMI_Handler) refers to py32f002b_it.o(.text.NMI_Handler) for [Anonymous Symbol]
    py32f002b_it.o(.ARM.exidx.text.HardFault_Handler) refers to py32f002b_it.o(.text.HardFault_Handler) for [Anonymous Symbol]
    py32f002b_it.o(.ARM.exidx.text.SVC_Handler) refers to py32f002b_it.o(.text.SVC_Handler) for [Anonymous Symbol]
    py32f002b_it.o(.ARM.exidx.text.PendSV_Handler) refers to py32f002b_it.o(.text.PendSV_Handler) for [Anonymous Symbol]
[...]
    Removing py32f002b_it.o(.ARM.exidx.text.EXTI0_1_IRQHandler), (8 bytes).
    Removing py32f002b_hal.o(.text), (0 bytes).
    Removing py32f002b_hal.o(.ARM.exidx.text.HAL_Init), (8 bytes).
    Removing py32f002b_hal.o(.ARM.exidx.text.HAL_InitTick), (8 bytes).
    Removing py32f002b_hal.o(.text.HAL_MspInit), (2 bytes).
    Removing py32f002b_hal.o(.ARM.exidx.text.HAL_MspInit), (8 bytes).
    Removing py32f002b_hal.o(.text.HAL_DeInit), (36 bytes).
    Removing py32f002b_hal.o(.ARM.exidx.text.HAL_DeInit), (8 bytes).
    Removing py32f002b_hal.o(.text.HAL_MspDeInit), (2 bytes).
    Removing py32f002b_hal.o(.ARM.exidx.text.HAL_MspDeInit), (8 bytes).
    Removing py32f002b_hal.o(.ARM.exidx.text.HAL_IncTick), (8 bytes).
    Removing py32f002b_hal.o(.ARM.exidx.text.HAL_GetTick), (8 bytes).
    Removing py32f002b_hal.o(.text.HAL_GetTickPrio), (12 bytes).
    Removing py32f002b_hal.o(.ARM.exidx.text.HAL_GetTickPrio), (8 bytes).
    Removing py32f002b_hal.o(.text.HAL_SetTickFreq), (44 bytes).
    Removing py32f002b_hal.o(.ARM.exidx.text.HAL_SetTickFreq), (8 bytes).
    Removing py32f002b_hal.o(.text.HAL_GetTickFreq), (12 bytes).
    Removing py32f002b_hal.o(.ARM.exidx.text.HAL_GetTickFreq), (8 bytes).
    Removing py32f002b_hal.o(.ARM.exidx.text.HAL_Delay), (8 bytes).
    Removing py32f002b_hal.o(.text.HAL_SuspendTick), (16 bytes).
    Removing py32f002b_hal.o(.ARM.exidx.text.HAL_SuspendTick), (8 bytes).
    Removing py32f002b_hal.o(.text.HAL_ResumeTick), (16 bytes).
    Removing py32f002b_hal.o(.ARM.exidx.text.HAL_ResumeTick), (8 bytes).
    Removing py32f002b_hal.o(.text.HAL_GetHalVersion), (6 bytes).
    Removing py32f002b_hal.o(.ARM.exidx.text.HAL_GetHalVersion), (8 bytes).
    Removing py32f002b_hal.o(.text.HAL_GetREVID), (12 bytes).
    Removing py32f002b_hal.o(.ARM.exidx.text.HAL_GetREVID), (8 bytes).
    Removing py32f002b_hal.o(.text.HAL_GetDEVID), (16 bytes).
    Removing py32f002b_hal.o(.ARM.exidx.text.HAL_GetDEVID), (8 bytes).
    Removing py32f002b_hal.o(.text.HAL_GetUIDw0), (12 bytes).
    Removing py32f002b_hal.o(.ARM.exidx.text.HAL_GetUIDw0), (8 bytes).
    Removing py32f002b_hal.o(.text.HAL_GetUIDw1), (12 bytes).
    Removing py32f002b_hal.o(.ARM.exidx.text.HAL_GetUIDw1), (8 bytes).
    Removing py32f002b_hal.o(.text.HAL_GetUIDw2), (12 bytes).
    Removing py32f002b_hal.o(.ARM.exidx.text.HAL_GetUIDw2), (8 bytes).
    Removing py32f002b_hal.o(.text.HAL_DBGMCU_EnableDBGMCUStopMode), (16 bytes).
    Removing py32f002b_hal.o(.ARM.exidx.text.HAL_DBGMCU_EnableDBGMCUStopMode), (8 bytes).
    Removing py32f002b_hal.o(.text.HAL_DBGMCU_DisableDBGMCUStopMode), (16 bytes).
    Removing py32f002b_hal.o(.ARM.exidx.text.HAL_DBGMCU_DisableDBGMCUStopMode), (8 bytes).
    Removing py32f002b_hal.o(.text.HAL_SYSCFG_SetRemapMemory), (20 bytes).
    Removing py32f002b_hal.o(.ARM.exidx.text.HAL_SYSCFG_SetRemapMemory), (8 bytes).
    Removing py32f002b_hal.o(.text.HAL_SYSCFG_GetRemapMemory), (16 bytes).
    Removing py32f002b_hal.o(.ARM.exidx.text.HAL_SYSCFG_GetRemapMemory), (8 bytes).
    Removing py32f002b_hal.o(.text.HAL_SYSCFG_SetTIM1CH1Source), (20 bytes).
    Removing py32f002b_hal.o(.ARM.exidx.text.HAL_SYSCFG_SetTIM1CH1Source), (8 bytes).
    Removing py32f002b_hal.o(.text.HAL_SYSCFG_GetTIM1CH1Source), (16 bytes).
    Removing py32f002b_hal.o(.ARM.exidx.text.HAL_SYSCFG_GetTIM1CH1Source), (8 bytes).
    Removing py32f002b_hal.o(.text.HAL_SYSCFG_EnableI2CFastModePlus), (16 bytes).
    Removing py32f002b_hal.o(.ARM.exidx.text.HAL_SYSCFG_EnableI2CFastModePlus), (8 bytes).
    Removing py32f002b_hal.o(.text.HAL_SYSCFG_DisableI2CFastModePlus), (16 bytes).
    Removing py32f002b_hal.o(.ARM.exidx.text.HAL_SYSCFG_DisableI2CFastModePlus), (8 bytes).
    Removing py32f002b_hal.o(.text.HAL_SYSCFG_TIM1ETRSource), (20 bytes).
    Removing py32f002b_hal.o(.ARM.exidx.text.HAL_SYSCFG_TIM1ETRSource), (8 bytes).
    Removing py32f002b_hal.o(.text.HAL_SYSCFG_EnableGPIONoiseFilter), (52 bytes).
    Removing py32f002b_hal.o(.ARM.exidx.text.HAL_SYSCFG_EnableGPIONoiseFilter), (8 bytes).
    Removing py32f002b_hal.o(.text.HAL_SYSCFG_DisableGPIONoiseFilter), (52 bytes).
    Removing py32f002b_hal.o(.ARM.exidx.text.HAL_SYSCFG_DisableGPIONoiseFilter), (8 bytes).
    Removing py32f002b_hal_adc.o(.text), (0 bytes).
    Removing py32f002b_hal_comp.o(.text), (0 bytes).
    Removing py32f002b_hal_cortex.o(.text), (0 bytes).
    Removing py32f002b_hal_cortex.o(.ARM.exidx.text.HAL_NVIC_SetPriority), (8 bytes).
    Removing py32f002b_hal_cortex.o(.ARM.exidx.text.HAL_NVIC_EnableIRQ), (8 bytes).
    Removing py32f002b_hal_cortex.o(.text.HAL_NVIC_DisableIRQ), (20 bytes).
    Removing py32f002b_hal_cortex.o(.ARM.exidx.text.HAL_NVIC_DisableIRQ), (8 bytes).
    Removing py32f002b_hal_cortex.o(.text.HAL_NVIC_SystemReset), (28 bytes).
    Removing py32f002b_hal_cortex.o(.ARM.exidx.text.HAL_NVIC_SystemReset), (8 bytes).
    Removing py32f002b_hal_cortex.o(.ARM.exidx.text.HAL_SYSTICK_Config), (8 bytes).
    Removing py32f002b_hal_cortex.o(.text.HAL_NVIC_GetPriority), (48 bytes).
    Removing py32f002b_hal_cortex.o(.ARM.exidx.text.HAL_NVIC_GetPriority), (8 bytes).
    Removing py32f002b_hal_cortex.o(.text.HAL_NVIC_SetPendingIRQ), (20 bytes).
    Removing py32f002b_hal_cortex.o(.ARM.exidx.text.HAL_NVIC_SetPendingIRQ), (8 bytes).
    Removing py32f002b_hal_cortex.o(.text.HAL_NVIC_GetPendingIRQ), (20 bytes).
    Removing py32f002b_hal_cortex.o(.ARM.exidx.text.HAL_NVIC_GetPendingIRQ), (8 bytes).
    Removing py32f002b_hal_cortex.o(.text.HAL_NVIC_ClearPendingIRQ), (20 bytes).
    Removing py32f002b_hal_cortex.o(.ARM.exidx.text.HAL_NVIC_ClearPendingIRQ), (8 bytes).
    Removing py32f002b_hal_cortex.o(.text.HAL_SYSTICK_CLKSourceConfig), (28 bytes).
    Removing py32f002b_hal_cortex.o(.ARM.exidx.text.HAL_SYSTICK_CLKSourceConfig), (8 bytes).
    Removing py32f002b_hal_cortex.o(.text.HAL_SYSTICK_IRQHandler), (8 bytes).
    Removing py32f002b_hal_cortex.o(.ARM.exidx.text.HAL_SYSTICK_IRQHandler), (8 bytes).
    Removing py32f002b_hal_cortex.o(.text.HAL_SYSTICK_Callback), (2 bytes).
    Removing py32f002b_hal_cortex.o(.ARM.exidx.text.HAL_SYSTICK_Callback), (8 bytes).
    Removing py32f002b_hal_crc.o(.text), (0 bytes).
    Removing py32f002b_hal_exti.o(.text), (0 bytes).
    Removing py32f002b_hal_flash.o(.text), (0 bytes).
    Removing py32f002b_hal_flash.o(.text.HAL_FLASH_Unlock), (40 bytes).
    Removing py32f002b_hal_flash.o(.ARM.exidx.text.HAL_FLASH_Unlock), (8 bytes).
    Removing py32f002b_hal_flash.o(.text.HAL_FLASH_Lock), (24 bytes).
    Removing py32f002b_hal_flash.o(.ARM.exidx.text.HAL_FLASH_Lock), (8 bytes).
    Removing py32f002b_hal_flash.o(.text.HAL_FLASH_OB_Unlock), (40 bytes).
    Removing py32f002b_hal_flash.o(.ARM.exidx.text.HAL_FLASH_OB_Unlock), (8 bytes).
    Removing py32f002b_hal_flash.o(.text.HAL_FLASH_OB_Lock), (28 bytes).
    Removing py32f002b_hal_flash.o(.ARM.exidx.text.HAL_FLASH_OB_Lock), (8 bytes).
    Removing py32f002b_hal_flash.o(.text.HAL_FLASH_OB_Launch), (20 bytes).
    Removing py32f002b_hal_flash.o(.ARM.exidx.text.HAL_FLASH_OB_Launch), (8 bytes).
    Removing py32f002b_hal_flash.o(.text.HAL_FLASH_GetError), (12 bytes).
    Removing py32f002b_hal_flash.o(.ARM.exidx.text.HAL_FLASH_GetError), (8 bytes).
    Removing py32f002b_hal_flash.o(.text.FLASH_WaitForLastOperation), (48 bytes).
    Removing py32f002b_hal_flash.o(.ARM.exidx.text.FLASH_WaitForLastOperation), (8 bytes).
    Removing py32f002b_hal_flash.o(.text.HAL_FLASH_Erase), (720 bytes).
    Removing py32f002b_hal_flash.o(.ARM.exidx.text.HAL_FLASH_Erase), (8 bytes).
    Removing py32f002b_hal_flash.o(.text.HAL_FLASH_Erase_IT), (440 bytes).
    Removing py32f002b_hal_flash.o(.ARM.exidx.text.HAL_FLASH_Erase_IT), (8 bytes).
    Removing py32f002b_hal_flash.o(.text.HAL_FLASH_PageProgram), (12 bytes).
    Removing py32f002b_hal_flash.o(.ARM.exidx.text.HAL_FLASH_PageProgram), (8 bytes).
    Removing py32f002b_hal_flash.o(.text.HAL_FLASH_Program), (444 bytes).
    Removing py32f002b_hal_flash.o(.ARM.exidx.text.HAL_FLASH_Program), (8 bytes).
    Removing py32f002b_hal_flash.o(.text.HAL_FLASH_PageProgram_IT), (14 bytes).
    Removing py32f002b_hal_flash.o(.ARM.exidx.text.HAL_FLASH_PageProgram_IT), (8 bytes).
    Removing py32f002b_hal_flash.o(.text.HAL_FLASH_Program_IT), (412 bytes).
    Removing py32f002b_hal_flash.o(.ARM.exidx.text.HAL_FLASH_Program_IT), (8 bytes).
    Removing py32f002b_hal_flash.o(.text.HAL_FLASH_OBProgram), (408 bytes).
    Removing py32f002b_hal_flash.o(.ARM.exidx.text.HAL_FLASH_OBProgram), (8 bytes).
    Removing py32f002b_hal_flash.o(.text.HAL_FLASH_OBBOOTProgram), (356 bytes).
    Removing py32f002b_hal_flash.o(.ARM.exidx.text.HAL_FLASH_OBBOOTProgram), (8 bytes).
    Removing py32f002b_hal_flash.o(.text.HAL_FLASH_OBBOOTGetConfig), (28 bytes).
    Removing py32f002b_hal_flash.o(.ARM.exidx.text.HAL_FLASH_OBBOOTGetConfig), (8 bytes).
    Removing py32f002b_hal_flash.o(.text.HAL_FLASH_OBGetConfig), (56 bytes).
    Removing py32f002b_hal_flash.o(.ARM.exidx.text.HAL_FLASH_OBGetConfig), (8 bytes).
    Removing py32f002b_hal_flash.o(.text.HAL_FLASH_IRQHandler), (216 bytes).
    Removing py32f002b_hal_flash.o(.ARM.exidx.text.HAL_FLASH_IRQHandler), (8 bytes).
    Removing py32f002b_hal_flash.o(.text.HAL_FLASH_OperationErrorCallback), (2 bytes).
    Removing py32f002b_hal_flash.o(.ARM.exidx.text.HAL_FLASH_OperationErrorCallback), (8 bytes).
    Removing py32f002b_hal_flash.o(.text.HAL_FLASH_EndOfOperationCallback), (2 bytes).
    Removing py32f002b_hal_flash.o(.ARM.exidx.text.HAL_FLASH_EndOfOperationCallback), (8 bytes).
    Removing py32f002b_hal_flash.o(.bss.pFlash), (24 bytes).
    Removing py32f002b_hal_flash.o(.rodata._FlashTimmingParam), (32 bytes).
    Removing py32f002b_hal_gpio.o(.text), (0 bytes).
    Removing py32f002b_hal_gpio.o(.ARM.exidx.text.HAL_GPIO_Init), (8 bytes).
    Removing py32f002b_hal_gpio.o(.ARM.exidx.text.HAL_GPIO_DeInit), (8 bytes).
    Removing py32f002b_hal_gpio.o(.ARM.exidx.text.HAL_GPIO_ReadPin), (8 bytes).
    Removing py32f002b_hal_gpio.o(.ARM.exidx.text.HAL_GPIO_WritePin), (8 bytes).
    Removing py32f002b_hal_gpio.o(.text.HAL_GPIO_TogglePin), (18 bytes).
    Removing py32f002b_hal_gpio.o(.ARM.exidx.text.HAL_GPIO_TogglePin), (8 bytes).
    Removing py32f002b_hal_gpio.o(.text.HAL_GPIO_LockPin), (40 bytes).
    Removing py32f002b_hal_gpio.o(.ARM.exidx.text.HAL_GPIO_LockPin), (8 bytes).
    Removing py32f002b_hal_gpio.o(.text.HAL_GPIO_EXTI_Callback), (2 bytes).
    Removing py32f002b_hal_gpio.o(.ARM.exidx.text.HAL_GPIO_EXTI_Callback), (8 bytes).
    Removing py32f002b_hal_gpio.o(.text.HAL_GPIO_EXTI_IRQHandler), (24 bytes).
    Removing py32f002b_hal_gpio.o(.ARM.exidx.text.HAL_GPIO_EXTI_IRQHandler), (8 bytes).
    Removing py32f002b_hal_i2c.o(.text), (0 bytes).
    Removing py32f002b_hal_iwdg.o(.text), (0 bytes).
    Removing py32f002b_hal_lptim.o(.text), (0 bytes).
    Removing py32f002b_hal_pwr.o(.text), (0 bytes).
    Removing py32f002b_hal_pwr.o(.text.HAL_PWR_DeInit), (24 bytes).
    Removing py32f002b_hal_pwr.o(.ARM.exidx.text.HAL_PWR_DeInit), (8 bytes).
    Removing py32f002b_hal_pwr.o(.text.HAL_PWR_ConfigStopMode), (36 bytes).
    Removing py32f002b_hal_pwr.o(.ARM.exidx.text.HAL_PWR_ConfigStopMode), (8 bytes).
    Removing py32f002b_hal_pwr.o(.text.HAL_PWR_ConfigBIAS), (40 bytes).
    Removing py32f002b_hal_pwr.o(.ARM.exidx.text.HAL_PWR_ConfigBIAS), (8 bytes).
    Removing py32f002b_hal_pwr.o(.text.HAL_PWR_EnterSLEEPMode), (32 bytes).
    Removing py32f002b_hal_pwr.o(.ARM.exidx.text.HAL_PWR_EnterSLEEPMode), (8 bytes).
    Removing py32f002b_hal_pwr.o(.text.HAL_PWR_EnterSTOPMode), (56 bytes).
    Removing py32f002b_hal_pwr.o(.ARM.exidx.text.HAL_PWR_EnterSTOPMode), (8 bytes).
    Removing py32f002b_hal_pwr.o(.text.HAL_PWR_EnableSleepOnExit), (16 bytes).
    Removing py32f002b_hal_pwr.o(.ARM.exidx.text.HAL_PWR_EnableSleepOnExit), (8 bytes).
    Removing py32f002b_hal_pwr.o(.text.HAL_PWR_DisableSleepOnExit), (16 bytes).
    Removing py32f002b_hal_pwr.o(.ARM.exidx.text.HAL_PWR_DisableSleepOnExit), (8 bytes).
    Removing py32f002b_hal_pwr.o(.text.HAL_PWR_EnableSEVOnPend), (16 bytes).
    Removing py32f002b_hal_pwr.o(.ARM.exidx.text.HAL_PWR_EnableSEVOnPend), (8 bytes).
    Removing py32f002b_hal_pwr.o(.text.HAL_PWR_DisableSEVOnPend), (16 bytes).
    Removing py32f002b_hal_pwr.o(.ARM.exidx.text.HAL_PWR_DisableSEVOnPend), (8 bytes).
    Removing py32f002b_hal_rcc.o(.text), (0 bytes).
    Removing py32f002b_hal_rcc.o(.text.HAL_RCC_DeInit), (140 bytes).
    Removing py32f002b_hal_rcc.o(.ARM.exidx.text.HAL_RCC_DeInit), (8 bytes).
    Removing py32f002b_hal_rcc.o(.ARM.exidx.text.HAL_RCC_OscConfig), (8 bytes).
    Removing py32f002b_hal_rcc.o(.text.HAL_RCC_GetSysClockFreq), (88 bytes).
    Removing py32f002b_hal_rcc.o(.ARM.exidx.text.HAL_RCC_GetSysClockFreq), (8 bytes).
    Removing py32f002b_hal_rcc.o(.ARM.exidx.text.HAL_RCC_ClockConfig), (8 bytes).
    Removing py32f002b_hal_rcc.o(.text.HAL_RCC_MCOConfig), (108 bytes).
    Removing py32f002b_hal_rcc.o(.ARM.exidx.text.HAL_RCC_MCOConfig), (8 bytes).
    Removing py32f002b_hal_rcc.o(.text.HAL_RCC_GetHCLKFreq), (12 bytes).
    Removing py32f002b_hal_rcc.o(.ARM.exidx.text.HAL_RCC_GetHCLKFreq), (8 bytes).
    Removing py32f002b_hal_rcc.o(.text.HAL_RCC_GetPCLK1Freq), (40 bytes).
    Removing py32f002b_hal_rcc.o(.ARM.exidx.text.HAL_RCC_GetPCLK1Freq), (8 bytes).
    Removing py32f002b_hal_rcc.o(.text.HAL_RCC_GetOscConfig), (96 bytes).
    Removing py32f002b_hal_rcc.o(.ARM.exidx.text.HAL_RCC_GetOscConfig), (8 bytes).
    Removing py32f002b_hal_rcc.o(.text.HAL_RCC_GetClockConfig), (52 bytes).
    Removing py32f002b_hal_rcc.o(.ARM.exidx.text.HAL_RCC_GetClockConfig), (8 bytes).
    Removing py32f002b_hal_rcc.o(.text.HAL_RCC_EnableLSECSS), (16 bytes).
    Removing py32f002b_hal_rcc.o(.ARM.exidx.text.HAL_RCC_EnableLSECSS), (8 bytes).
    Removing py32f002b_hal_rcc.o(.text.HAL_RCC_DisableLSECSS), (16 bytes).
    Removing py32f002b_hal_rcc.o(.ARM.exidx.text.HAL_RCC_DisableLSECSS), (8 bytes).
    Removing py32f002b_hal_rcc.o(.text.HAL_RCC_NMI_IRQHandler), (28 bytes).
    Removing py32f002b_hal_rcc.o(.ARM.exidx.text.HAL_RCC_NMI_IRQHandler), (8 bytes).
    Removing py32f002b_hal_rcc.o(.text.HAL_RCC_LSECSSCallback), (2 bytes).
    Removing py32f002b_hal_rcc.o(.ARM.exidx.text.HAL_RCC_LSECSSCallback), (8 bytes).
    Removing py32f002b_hal_rcc.o(.text.HAL_RCC_CSSCallback), (2 bytes).
    Removing py32f002b_hal_rcc.o(.ARM.exidx.text.HAL_RCC_CSSCallback), (8 bytes).
    Removing py32f002b_hal_rcc_ex.o(.text), (0 bytes).
    Removing py32f002b_hal_rcc_ex.o(.text.HAL_RCCEx_PeriphCLKConfig), (124 bytes).
    Removing py32f002b_hal_rcc_ex.o(.ARM.exidx.text.HAL_RCCEx_PeriphCLKConfig), (8 bytes).
    Removing py32f002b_hal_rcc_ex.o(.text.HAL_RCCEx_GetPeriphCLKConfig), (48 bytes).
    Removing py32f002b_hal_rcc_ex.o(.ARM.exidx.text.HAL_RCCEx_GetPeriphCLKConfig), (8 bytes).
    Removing py32f002b_hal_rcc_ex.o(.text.HAL_RCCEx_GetPeriphCLKFreq), (140 bytes).
    Removing py32f002b_hal_rcc_ex.o(.ARM.exidx.text.HAL_RCCEx_GetPeriphCLKFreq), (8 bytes).
    Removing py32f002b_hal_rcc_ex.o(.text.HAL_RCCEx_EnableLSCO), (20 bytes).
    Removing py32f002b_hal_rcc_ex.o(.ARM.exidx.text.HAL_RCCEx_EnableLSCO), (8 bytes).
    Removing py32f002b_hal_rcc_ex.o(.text.HAL_RCCEx_DisableLSCO), (2 bytes).
    Removing py32f002b_hal_rcc_ex.o(.ARM.exidx.text.HAL_RCCEx_DisableLSCO), (8 bytes).
    Removing py32f002b_hal_spi.o(.text), (0 bytes).
    Removing py32f002b_hal_spi.o(.ARM.exidx.text.HAL_SPI_Init), (8 bytes).
    Removing py32f002b_hal_spi.o(.text.HAL_SPI_MspInit), (2 bytes).
    Removing py32f002b_hal_spi.o(.ARM.exidx.text.HAL_SPI_MspInit), (8 bytes).
    Removing py32f002b_hal_spi.o(.ARM.exidx.text.HAL_SPI_DeInit), (8 bytes).
    Removing py32f002b_hal_spi.o(.text.HAL_SPI_MspDeInit), (2 bytes).
    Removing py32f002b_hal_spi.o(.ARM.exidx.text.HAL_SPI_MspDeInit), (8 bytes).
    Removing py32f002b_hal_spi.o(.text.HAL_SPI_Transmit), (412 bytes).
    Removing py32f002b_hal_spi.o(.ARM.exidx.text.HAL_SPI_Transmit), (8 bytes).
    Removing py32f002b_hal_spi.o(.text.HAL_SPI_Receive), (340 bytes).
    Removing py32f002b_hal_spi.o(.ARM.exidx.text.HAL_SPI_Receive), (8 bytes).
    Removing py32f002b_hal_spi.o(.text.HAL_SPI_TransmitReceive), (524 bytes).
    Removing py32f002b_hal_spi.o(.ARM.exidx.text.HAL_SPI_TransmitReceive), (8 bytes).
    Removing py32f002b_hal_spi.o(.text.SPI_EndRxTransaction), (120 bytes).
    Removing py32f002b_hal_spi.o(.ARM.exidx.text.SPI_EndRxTransaction), (8 bytes).
    Removing py32f002b_hal_spi.o(.text.HAL_SPI_Transmit_IT), (152 bytes).
    Removing py32f002b_hal_spi.o(.ARM.exidx.text.HAL_SPI_Transmit_IT), (8 bytes).
    Removing py32f002b_hal_spi.o(.text.SPI_TxISR_16BIT), (34 bytes).
    Removing py32f002b_hal_spi.o(.ARM.exidx.text.SPI_TxISR_16BIT), (8 bytes).
    Removing py32f002b_hal_spi.o(.text.SPI_TxISR_8BIT), (36 bytes).
    Removing py32f002b_hal_spi.o(.ARM.exidx.text.SPI_TxISR_8BIT), (8 bytes).
    Removing py32f002b_hal_spi.o(.text.HAL_SPI_Receive_IT), (292 bytes).
    Removing py32f002b_hal_spi.o(.ARM.exidx.text.HAL_SPI_Receive_IT), (8 bytes).
    Removing py32f002b_hal_spi.o(.text.HAL_SPI_TransmitReceive_IT), (204 bytes).
    Removing py32f002b_hal_spi.o(.ARM.exidx.text.HAL_SPI_TransmitReceive_IT), (8 bytes).
    Removing py32f002b_hal_spi.o(.text.SPI_RxISR_16BIT), (92 bytes).
    Removing py32f002b_hal_spi.o(.ARM.exidx.text.SPI_RxISR_16BIT), (8 bytes).
    Removing py32f002b_hal_spi.o(.text.SPI_RxISR_8BIT), (96 bytes).
    Removing py32f002b_hal_spi.o(.ARM.exidx.text.SPI_RxISR_8BIT), (8 bytes).
    Removing py32f002b_hal_spi.o(.text.SPI_2linesRxISR_16BIT), (48 bytes).
    Removing py32f002b_hal_spi.o(.ARM.exidx.text.SPI_2linesRxISR_16BIT), (8 bytes).
    Removing py32f002b_hal_spi.o(.text.SPI_2linesTxISR_16BIT), (48 bytes).
    Removing py32f002b_hal_spi.o(.ARM.exidx.text.SPI_2linesTxISR_16BIT), (8 bytes).
    Removing py32f002b_hal_spi.o(.text.SPI_2linesRxISR_8BIT), (52 bytes).
    Removing py32f002b_hal_spi.o(.ARM.exidx.text.SPI_2linesRxISR_8BIT), (8 bytes).
    Removing py32f002b_hal_spi.o(.text.SPI_2linesTxISR_8BIT), (52 bytes).
    Removing py32f002b_hal_spi.o(.ARM.exidx.text.SPI_2linesTxISR_8BIT), (8 bytes).
    Removing py32f002b_hal_spi.o(.text.HAL_SPI_Abort), (192 bytes).
    Removing py32f002b_hal_spi.o(.ARM.exidx.text.HAL_SPI_Abort), (8 bytes).
    Removing py32f002b_hal_spi.o(.text.SPI_AbortTx_ISR), (260 bytes).
    Removing py32f002b_hal_spi.o(.ARM.exidx.text.SPI_AbortTx_ISR), (8 bytes).
    Removing py32f002b_hal_spi.o(.text.SPI_AbortRx_ISR), (128 bytes).
    Removing py32f002b_hal_spi.o(.ARM.exidx.text.SPI_AbortRx_ISR), (8 bytes).
    Removing py32f002b_hal_spi.o(.text.HAL_SPI_Abort_IT), (204 bytes).
    Removing py32f002b_hal_spi.o(.ARM.exidx.text.HAL_SPI_Abort_IT), (8 bytes).
    Removing py32f002b_hal_spi.o(.text.HAL_SPI_AbortCpltCallback), (2 bytes).
    Removing py32f002b_hal_spi.o(.ARM.exidx.text.HAL_SPI_AbortCpltCallback), (8 bytes).
    Removing py32f002b_hal_spi.o(.text.HAL_SPI_IRQHandler), (198 bytes).
    Removing py32f002b_hal_spi.o(.ARM.exidx.text.HAL_SPI_IRQHandler), (8 bytes).
    Removing py32f002b_hal_spi.o(.text.HAL_SPI_ErrorCallback), (2 bytes).
    Removing py32f002b_hal_spi.o(.ARM.exidx.text.HAL_SPI_ErrorCallback), (8 bytes).
    Removing py32f002b_hal_spi.o(.text.HAL_SPI_TxCpltCallback), (2 bytes).
    Removing py32f002b_hal_spi.o(.ARM.exidx.text.HAL_SPI_TxCpltCallback), (8 bytes).
    Removing py32f002b_hal_spi.o(.text.HAL_SPI_RxCpltCallback), (2 bytes).
    Removing py32f002b_hal_spi.o(.ARM.exidx.text.HAL_SPI_RxCpltCallback), (8 bytes).
    Removing py32f002b_hal_spi.o(.text.HAL_SPI_TxRxCpltCallback), (2 bytes).
    Removing py32f002b_hal_spi.o(.ARM.exidx.text.HAL_SPI_TxRxCpltCallback), (8 bytes).
    Removing py32f002b_hal_spi.o(.text.HAL_SPI_TxHalfCpltCallback), (2 bytes).
    Removing py32f002b_hal_spi.o(.ARM.exidx.text.HAL_SPI_TxHalfCpltCallback), (8 bytes).
    Removing py32f002b_hal_spi.o(.text.HAL_SPI_RxHalfCpltCallback), (2 bytes).
    Removing py32f002b_hal_spi.o(.ARM.exidx.text.HAL_SPI_RxHalfCpltCallback), (8 bytes).
    Removing py32f002b_hal_spi.o(.text.HAL_SPI_TxRxHalfCpltCallback), (2 bytes).
    Removing py32f002b_hal_spi.o(.ARM.exidx.text.HAL_SPI_TxRxHalfCpltCallback), (8 bytes).
    Removing py32f002b_hal_spi.o(.text.HAL_SPI_GetState), (6 bytes).
    Removing py32f002b_hal_spi.o(.ARM.exidx.text.HAL_SPI_GetState), (8 bytes).
    Removing py32f002b_hal_spi.o(.text.HAL_SPI_GetError), (4 bytes).
    Removing py32f002b_hal_spi.o(.ARM.exidx.text.HAL_SPI_GetError), (8 bytes).
    Removing py32f002b_hal_spi.o(.text.SPI_CloseRxTx_ISR), (130 bytes).
    Removing py32f002b_hal_spi.o(.ARM.exidx.text.SPI_CloseRxTx_ISR), (8 bytes).
    Removing py32f002b_hal_spi.o(.text.SPI_CloseTx_ISR), (136 bytes).
    Removing py32f002b_hal_spi.o(.ARM.exidx.text.SPI_CloseTx_ISR), (8 bytes).
    Removing py32f002b_hal_spi.o(.text.SPI_WaitFlagStateUntilTimeout), (164 bytes).
    Removing py32f002b_hal_spi.o(.ARM.exidx.text.SPI_WaitFlagStateUntilTimeout), (8 bytes).
    Removing py32f002b_hal_spi.o(.text.SPI_WaitFifoStateUntilTimeout), (204 bytes).
    Removing py32f002b_hal_spi.o(.ARM.exidx.text.SPI_WaitFifoStateUntilTimeout), (8 bytes).
    Removing py32f002b_hal_tim.o(.text), (0 bytes).
    Removing py32f002b_hal_tim_ex.o(.text), (0 bytes).
    Removing py32f002b_hal_uart.o(.text), (0 bytes).
    Removing py32f002b_hal_uart.o(.text.HAL_UART_Init), (138 bytes).
    Removing py32f002b_hal_uart.o(.ARM.exidx.text.HAL_UART_Init), (8 bytes).
    Removing py32f002b_hal_uart.o(.text.HAL_UART_MspInit), (2 bytes).
    Removing py32f002b_hal_uart.o(.ARM.exidx.text.HAL_UART_MspInit), (8 bytes).
    Removing py32f002b_hal_uart.o(.text.UART_SetConfig), (204 bytes).
    Removing py32f002b_hal_uart.o(.ARM.exidx.text.UART_SetConfig), (8 bytes).
    Removing py32f002b_hal_uart.o(.text.HAL_HalfDuplex_Init), (96 bytes).
    Removing py32f002b_hal_uart.o(.ARM.exidx.text.HAL_HalfDuplex_Init), (8 bytes).
    Removing py32f002b_hal_uart.o(.text.HAL_MultiProcessor_Init), (132 bytes).
    Removing py32f002b_hal_uart.o(.ARM.exidx.text.HAL_MultiProcessor_Init), (8 bytes).
    Removing py32f002b_hal_uart.o(.text.HAL_UART_DeInit), (48 bytes).
    Removing py32f002b_hal_uart.o(.ARM.exidx.text.HAL_UART_DeInit), (8 bytes).
    Removing py32f002b_hal_uart.o(.text.HAL_UART_MspDeInit), (2 bytes).
    Removing py32f002b_hal_uart.o(.ARM.exidx.text.HAL_UART_MspDeInit), (8 bytes).
    Removing py32f002b_hal_uart.o(.text.HAL_UART_Transmit), (312 bytes).
    Removing py32f002b_hal_uart.o(.ARM.exidx.text.HAL_UART_Transmit), (8 bytes).
    Removing py32f002b_hal_uart.o(.text.HAL_UART_Receive), (272 bytes).
    Removing py32f002b_hal_uart.o(.ARM.exidx.text.HAL_UART_Receive), (8 bytes).
    Removing py32f002b_hal_uart.o(.text.HAL_UART_Transmit_IT), (66 bytes).
    Removing py32f002b_hal_uart.o(.ARM.exidx.text.HAL_UART_Transmit_IT), (8 bytes).
    Removing py32f002b_hal_uart.o(.text.HAL_UART_Receive_IT), (98 bytes).
    Removing py32f002b_hal_uart.o(.ARM.exidx.text.HAL_UART_Receive_IT), (8 bytes).
    Removing py32f002b_hal_uart.o(.text.HAL_UART_Abort), (44 bytes).
    Removing py32f002b_hal_uart.o(.ARM.exidx.text.HAL_UART_Abort), (8 bytes).
    Removing py32f002b_hal_uart.o(.text.HAL_UART_AbortTransmit), (24 bytes).
    Removing py32f002b_hal_uart.o(.ARM.exidx.text.HAL_UART_AbortTransmit), (8 bytes).
    Removing py32f002b_hal_uart.o(.text.HAL_UART_AbortReceive), (34 bytes).
    Removing py32f002b_hal_uart.o(.ARM.exidx.text.HAL_UART_AbortReceive), (8 bytes).
    Removing py32f002b_hal_uart.o(.text.HAL_UART_Abort_IT), (50 bytes).
    Removing py32f002b_hal_uart.o(.ARM.exidx.text.HAL_UART_Abort_IT), (8 bytes).
    Removing py32f002b_hal_uart.o(.text.HAL_UART_AbortCpltCallback), (2 bytes).
    Removing py32f002b_hal_uart.o(.ARM.exidx.text.HAL_UART_AbortCpltCallback), (8 bytes).
    Removing py32f002b_hal_uart.o(.text.HAL_UART_AbortTransmit_IT), (30 bytes).
    Removing py32f002b_hal_uart.o(.ARM.exidx.text.HAL_UART_AbortTransmit_IT), (8 bytes).
    Removing py32f002b_hal_uart.o(.text.HAL_UART_AbortTransmitCpltCallback), (2 bytes).
    Removing py32f002b_hal_uart.o(.ARM.exidx.text.HAL_UART_AbortTransmitCpltCallback), (8 bytes).
    Removing py32f002b_hal_uart.o(.text.HAL_UART_AbortReceive_IT), (40 bytes).
    Removing py32f002b_hal_uart.o(.ARM.exidx.text.HAL_UART_AbortReceive_IT), (8 bytes).
    Removing py32f002b_hal_uart.o(.text.HAL_UART_AbortReceiveCpltCallback), (2 bytes).
    Removing py32f002b_hal_uart.o(.ARM.exidx.text.HAL_UART_AbortReceiveCpltCallback), (8 bytes).
    Removing py32f002b_hal_uart.o(.text.HAL_UART_IRQHandler), (648 bytes).
    Removing py32f002b_hal_uart.o(.ARM.exidx.text.HAL_UART_IRQHandler), (8 bytes).
    Removing py32f002b_hal_uart.o(.text.HAL_UART_ErrorCallback), (2 bytes).
    Removing py32f002b_hal_uart.o(.ARM.exidx.text.HAL_UART_ErrorCallback), (8 bytes).
    Removing py32f002b_hal_uart.o(.text.HAL_UART_IdleFrameDetectCpltCallback), (2 bytes).
    Removing py32f002b_hal_uart.o(.ARM.exidx.text.HAL_UART_IdleFrameDetectCpltCallback), (8 bytes).
    Removing py32f002b_hal_uart.o(.text.HAL_UART_TxCpltCallback), (2 bytes).
    Removing py32f002b_hal_uart.o(.ARM.exidx.text.HAL_UART_TxCpltCallback), (8 bytes).
    Removing py32f002b_hal_uart.o(.text.HAL_UART_TxHalfCpltCallback), (2 bytes).
    Removing py32f002b_hal_uart.o(.ARM.exidx.text.HAL_UART_TxHalfCpltCallback), (8 bytes).
    Removing py32f002b_hal_uart.o(.text.HAL_UART_RxCpltCallback), (2 bytes).
    Removing py32f002b_hal_uart.o(.ARM.exidx.text.HAL_UART_RxCpltCallback), (8 bytes).
    Removing py32f002b_hal_uart.o(.text.HAL_UART_RxHalfCpltCallback), (2 bytes).
    Removing py32f002b_hal_uart.o(.ARM.exidx.text.HAL_UART_RxHalfCpltCallback), (8 bytes).
    Removing py32f002b_hal_uart.o(.text.HAL_MultiProcessor_EnterMuteMode), (40 bytes).
    Removing py32f002b_hal_uart.o(.ARM.exidx.text.HAL_MultiProcessor_EnterMuteMode), (8 bytes).
    Removing py32f002b_hal_uart.o(.text.HAL_MultiProcessor_ExitMuteMode), (40 bytes).
    Removing py32f002b_hal_uart.o(.ARM.exidx.text.HAL_MultiProcessor_ExitMuteMode), (8 bytes).
    Removing py32f002b_hal_uart.o(.text.HAL_HalfDuplex_EnableTransmitter), (44 bytes).
    Removing py32f002b_hal_uart.o(.ARM.exidx.text.HAL_HalfDuplex_EnableTransmitter), (8 bytes).
    Removing py32f002b_hal_uart.o(.text.HAL_HalfDuplex_EnableReceiver), (44 bytes).
    Removing py32f002b_hal_uart.o(.ARM.exidx.text.HAL_HalfDuplex_EnableReceiver), (8 bytes).
    Removing py32f002b_hal_uart.o(.text.HAL_UART_GetState), (14 bytes).
    Removing py32f002b_hal_uart.o(.ARM.exidx.text.HAL_UART_GetState), (8 bytes).
    Removing py32f002b_hal_uart.o(.text.HAL_UART_GetError), (4 bytes).
    Removing py32f002b_hal_uart.o(.ARM.exidx.text.HAL_UART_GetError), (8 bytes).
    Removing py32f002b_hal_usart.o(.text), (0 bytes).
    Removing py32f002bxx_start_kit.o(.text), (0 bytes).
    Removing py32f002bxx_start_kit.o(.text.BSP_GetVersion), (6 bytes).
    Removing py32f002bxx_start_kit.o(.ARM.exidx.text.BSP_GetVersion), (8 bytes).
    Removing py32f002bxx_start_kit.o(.text.BSP_LED_Init), (68 bytes).
    Removing py32f002bxx_start_kit.o(.ARM.exidx.text.BSP_LED_Init), (8 bytes).
    Removing py32f002bxx_start_kit.o(.text.BSP_LED_DeInit), (32 bytes).
    Removing py32f002bxx_start_kit.o(.ARM.exidx.text.BSP_LED_DeInit), (8 bytes).
    Removing py32f002bxx_start_kit.o(.text.BSP_LED_On), (24 bytes).
    Removing py32f002bxx_start_kit.o(.ARM.exidx.text.BSP_LED_On), (8 bytes).
    Removing py32f002bxx_start_kit.o(.text.BSP_LED_Off), (24 bytes).
    Removing py32f002bxx_start_kit.o(.ARM.exidx.text.BSP_LED_Off), (8 bytes).
    Removing py32f002bxx_start_kit.o(.text.BSP_LED_Toggle), (20 bytes).
    Removing py32f002bxx_start_kit.o(.ARM.exidx.text.BSP_LED_Toggle), (8 bytes).
    Removing py32f002bxx_start_kit.o(.text.BSP_PB_Init), (112 bytes).
    Removing py32f002bxx_start_kit.o(.ARM.exidx.text.BSP_PB_Init), (8 bytes).
    Removing py32f002bxx_start_kit.o(.text.BSP_PB_DeInit), (28 bytes).
    Removing py32f002bxx_start_kit.o(.ARM.exidx.text.BSP_PB_DeInit), (8 bytes).
    Removing py32f002bxx_start_kit.o(.text.BSP_PB_GetState), (20 bytes).
    Removing py32f002bxx_start_kit.o(.ARM.exidx.text.BSP_PB_GetState), (8 bytes).
    Removing py32f002bxx_start_kit.o(.text.BSP_USART_Config), (184 bytes).
    Removing py32f002bxx_start_kit.o(.ARM.exidx.text.BSP_USART_Config), (8 bytes).
    Removing py32f002bxx_start_kit.o(.text.fputc), (32 bytes).
    Removing py32f002bxx_start_kit.o(.ARM.exidx.text.fputc), (8 bytes).
    Removing py32f002bxx_start_kit.o(.text.fgetc), (28 bytes).
    Removing py32f002bxx_start_kit.o(.ARM.exidx.text.fgetc), (8 bytes).
    Removing py32f002bxx_start_kit.o(.data.LED_PORT), (4 bytes).
    Removing py32f002bxx_start_kit.o(.rodata.LED_PIN), (2 bytes).
    Removing py32f002bxx_start_kit.o(.data.BUTTON_PORT), (4 bytes).
    Removing py32f002bxx_start_kit.o(.rodata.BUTTON_PIN), (2 bytes).
    Removing py32f002bxx_start_kit.o(.rodata.BUTTON_IRQn), (1 bytes).
    Removing py32f002bxx_start_kit.o(.bss.DebugUartHandle), (68 bytes).
    Removing lora_lib.o(.text), (0 bytes).
    Removing lora_lib.o(.ARM.exidx.text.LORALIB_LORA_Init), (8 bytes).
    Removing lora_lib.o(.ARM.exidx.text.LORALIB_LORA_SendPacket), (8 bytes).
    Removing lora_lib.o(.text.LORALIB_LORA_ReadFifo), (96 bytes).
    Removing lora_lib.o(.ARM.exidx.text.LORALIB_LORA_ReadFifo), (8 bytes).
    Removing lora_lib.o(.ARM.exidx.text.LORALIB_LORA_ReceivePacket), (8 bytes).

403 unused section(s) (total 14523 bytes) removed from the image.

==============================================================================

Image Symbol Table

    Local Symbols

    Symbol Name                              Value     Ov Type        Size  Object(Section)

    ../clib/angel/boardlib.s                 0x00000000   Number         0  boardinit1.o ABSOLUTE
    ../clib/angel/boardlib.s                 0x00000000   Number         0  boardinit2.o ABSOLUTE
    ../clib/angel/boardlib.s                 0x00000000   Number         0  boardinit3.o ABSOLUTE
    ../clib/angel/boardlib.s                 0x00000000   Number         0  boardshut.o ABSOLUTE
    ../clib/angel/handlers.s                 0x00000000   Number         0  __scatter_copy.o ABSOLUTE
    ../clib/angel/handlers.s                 0x00000000   Number         0  __scatter_zi.o ABSOLUTE
    ../clib/angel/kernel.s                   0x00000000   Number         0  __rtentry.o ABSOLUTE
    ../clib/angel/kernel.s                   0x00000000   Number         0  __rtentry2.o ABSOLUTE
    ../clib/angel/kernel.s                   0x00000000   Number         0  __rtentry4.o ABSOLUTE
    ../clib/angel/kernel.s                   0x00000000   Number         0  rtexit.o ABSOLUTE
    ../clib/angel/kernel.s                   0x00000000   Number         0  rtexit2.o ABSOLUTE
    ../clib/angel/rt.s                       0x00000000   Number         0  aeabi_idiv0.o ABSOLUTE
    ../clib/angel/rt.s                       0x00000000   Number         0  aeabi_idiv0_sigfpe.o ABSOLUTE
    ../clib/angel/rt.s                       0x00000000   Number         0  rt_div0.o ABSOLUTE
    ../clib/angel/rt.s                       0x00000000   Number         0  rt_raise.o ABSOLUTE
    ../clib/angel/rt.s                       0x00000000   Number         0  rt_heap_descriptor.o ABSOLUTE
    ../clib/angel/rt.s                       0x00000000   Number         0  rt_heap_descriptor_intlibspace.o ABSOLUTE
    ../clib/angel/rt.s                       0x00000000   Number         0  rt_errno_addr.o ABSOLUTE
    ../clib/angel/rt.s                       0x00000000   Number         0  rt_errno_addr_intlibspace.o ABSOLUTE
    ../clib/angel/scatterp.s                 0x00000000   Number         0  __scatter.o ABSOLUTE
    ../clib/angel/startup.s                  0x00000000   Number         0  __main.o ABSOLUTE
    ../clib/angel/sys.s                      0x00000000   Number         0  mutex_dummy.o ABSOLUTE
    ../clib/angel/sys.s                      0x00000000   Number         0  sys_stackheap_outer.o ABSOLUTE
    ../clib/angel/sys.s                      0x00000000   Number         0  libspace.o ABSOLUTE
    ../clib/angel/sys.s                      0x00000000   Number         0  use_no_semi.o ABSOLUTE
    ../clib/angel/sys.s                      0x00000000   Number         0  indicate_semi.o ABSOLUTE
    ../clib/angel/sys.s                      0x00000000   Number         0  tempstk.o ABSOLUTE
    ../clib/angel/sysapp.c                   0x00000000   Number         0  sys_io_names.o ABSOLUTE
    ../clib/angel/sysapp.c                   0x00000000   Number         0  sys_io.o ABSOLUTE
    ../clib/angel/sysapp.c                   0x00000000   Number         0  sys_io_hlt.o ABSOLUTE
    ../clib/angel/sysapp.c                   0x00000000   Number         0  sys_exit.o ABSOLUTE
    ../clib/angel/sysapp.c                   0x00000000   Number         0  sys_exit_hlt.o ABSOLUTE
    ../clib/angel/sysapp.c                   0x00000000   Number         0  sys_wrch.o ABSOLUTE
    ../clib/angel/sysapp.c                   0x00000000   Number         0  sys_command.o ABSOLUTE
    ../clib/angel/sysapp.c                   0x00000000   Number         0  sys_wrch_hlt.o ABSOLUTE
    ../clib/angel/sysapp.c                   0x00000000   Number         0  sys_command_hlt.o ABSOLUTE
    ../clib/armsys.c                         0x00000000   Number         0  argv_veneer.o ABSOLUTE
    ../clib/armsys.c                         0x00000000   Number         0  _get_argv.o ABSOLUTE
    ../clib/armsys.c                         0x00000000   Number         0  _get_argv_nomalloc.o ABSOLUTE
    ../clib/armsys.c                         0x00000000   Number         0  no_argv.o ABSOLUTE
    ../clib/division.s                       0x00000000   Number         0  aeabi_sdivfast.o ABSOLUTE
    ../clib/division.s                       0x00000000   Number         0  aeabi_sdivfast_div0.o ABSOLUTE
    ../clib/heap1.c                          0x00000000   Number         0  h1_free.o ABSOLUTE
    ../clib/heap1.c                          0x00000000   Number         0  h1_free_threads.o ABSOLUTE
    ../clib/heap1.c                          0x00000000   Number         0  h1_alloc.o ABSOLUTE
    ../clib/heap1.c                          0x00000000   Number         0  h1_alloc_threads.o ABSOLUTE
    ../clib/heap1.c                          0x00000000   Number         0  h1_init.o ABSOLUTE
    ../clib/heap1.c                          0x00000000   Number         0  h1_extend.o ABSOLUTE
    ../clib/heap1.c                          0x00000000   Number         0  h1_init_threads.o ABSOLUTE
    ../clib/heap1.c                          0x00000000   Number         0  h1_extend_threads.o ABSOLUTE
    ../clib/heap1.c                          0x00000000   Number         0  h1_final.o ABSOLUTE
    ../clib/heap1.c                          0x00000000   Number         0  h1_final_threads.o ABSOLUTE
    ../clib/heap2.c                          0x00000000   Number         0  heap2.o ABSOLUTE
    ../clib/heap2.c                          0x00000000   Number         0  heap2_threads.o ABSOLUTE
    ../clib/heap2.c                          0x00000000   Number         0  fdtree.o ABSOLUTE
    ../clib/heapalloc.c                      0x00000000   Number         0  free.o ABSOLUTE
    ../clib/heapalloc.c                      0x00000000   Number         0  hguard.o ABSOLUTE
    ../clib/heapalloc.c                      0x00000000   Number         0  init_alloc.o ABSOLUTE
    ../clib/heapalloc.c                      0x00000000   Number         0  malloc.o ABSOLUTE
    ../clib/heapalloc.c                      0x00000000   Number         0  heapstubs.o ABSOLUTE
    ../clib/heapalloc.c                      0x00000000   Number         0  hrguard.o ABSOLUTE
    ../clib/heapalloc.c                      0x00000000   Number         0  term_alloc.o ABSOLUTE
    ../clib/heapaux.c                        0x00000000   Number         0  heapauxi.o ABSOLUTE
    ../clib/heapaux.c                        0x00000000   Number         0  heapauxa.o ABSOLUTE
    ../clib/libinit.s                        0x00000000   Number         0  libinit2.o ABSOLUTE
    ../clib/libinit.s                        0x00000000   Number         0  libshutdown2.o ABSOLUTE
    ../clib/libinit.s                        0x00000000   Number         0  libinit.o ABSOLUTE
    ../clib/libinit.s                        0x00000000   Number         0  libshutdown.o ABSOLUTE
    ../clib/maybe.s                          0x00000000   Number         0  maybetermalloc1.o ABSOLUTE
    ../clib/maybe.s                          0x00000000   Number         0  maybetermalloc2.o ABSOLUTE
    ../clib/memcpset.c                       0x00000000   Number         0  rt_memclr.o ABSOLUTE
    ../clib/memcpset.c                       0x00000000   Number         0  rt_memcpy.o ABSOLUTE
    ../clib/memcpset.c                       0x00000000   Number         0  rt_memcpy.o ABSOLUTE
    ../clib/signal.c                         0x00000000   Number         0  defsig_rtred_outer.o ABSOLUTE
    ../clib/signal.c                         0x00000000   Number         0  defsig_rtred_formal.o ABSOLUTE
    ../clib/signal.c                         0x00000000   Number         0  defsig_exit.o ABSOLUTE
    ../clib/signal.c                         0x00000000   Number         0  defsig_fpe_outer.o ABSOLUTE
    ../clib/signal.c                         0x00000000   Number         0  defsig_fpe_formal.o ABSOLUTE
    ../clib/signal.c                         0x00000000   Number         0  defsig_rtred_inner.o ABSOLUTE
    ../clib/signal.c                         0x00000000   Number         0  __raise.o ABSOLUTE
    ../clib/signal.c                         0x00000000   Number         0  defsig_general.o ABSOLUTE
    ../clib/signal.c                         0x00000000   Number         0  defsig_fpe_inner.o ABSOLUTE
    ../clib/signal.c                         0x00000000   Number         0  defsig_rtmem_outer.o ABSOLUTE
    ../clib/signal.c                         0x00000000   Number         0  defsig_rtmem_formal.o ABSOLUTE
    ../clib/signal.c                         0x00000000   Number         0  defsig_rtmem_inner.o ABSOLUTE
    ../clib/signal.c                         0x00000000   Number         0  defsig_abrt_inner.o ABSOLUTE
    ../clib/signal.c                         0x00000000   Number         0  defsig_stak_inner.o ABSOLUTE
    ../clib/signal.c                         0x00000000   Number         0  defsig_pvfn_inner.o ABSOLUTE
    ../clib/signal.c                         0x00000000   Number         0  defsig_cppl_inner.o ABSOLUTE
    ../clib/signal.c                         0x00000000   Number         0  defsig_segv_inner.o ABSOLUTE
    ../clib/signal.c                         0x00000000   Number         0  defsig_other.o ABSOLUTE
    ../clib/signal.s                         0x00000000   Number         0  defsig.o ABSOLUTE
    ../clib/stdio.c                          0x00000000   Number         0  setvbuf.o ABSOLUTE
    ../clib/stdio.c                          0x00000000   Number         0  stdio_streams.o ABSOLUTE
    ../clib/stdio.c                          0x00000000   Number         0  setvbuf_locked.o ABSOLUTE
    ../clib/stdio.c                          0x00000000   Number         0  initio.o ABSOLUTE
    ../clib/stdio.c                          0x00000000   Number         0  initio_locked.o ABSOLUTE
    ../clib/stdio.c                          0x00000000   Number         0  streamlock.o ABSOLUTE
    ../clib/stdio.c                          0x00000000   Number         0  fopen.o ABSOLUTE
    ../clib/stdio.c                          0x00000000   Number         0  fclose.o ABSOLUTE
    ../clib/stdio.c                          0x00000000   Number         0  fopen_locked.o ABSOLUTE
    ../clib/stdio.c                          0x00000000   Number         0  fseek.o ABSOLUTE
    ../clib/stdio.c                          0x00000000   Number         0  stdio.o ABSOLUTE
    ../clib/stdio.c                          0x00000000   Number         0  ftell.o ABSOLUTE
    ../clib/stdlib.c                         0x00000000   Number         0  exit.o ABSOLUTE
    ../clib/string.c                         0x00000000   Number         0  strlen.o ABSOLUTE
    ../fplib/cfplib/fpinit.c                 0x00000000   Number         0  fpinit.o ABSOLUTE
    LoRa_lib.c                               0x00000000   Number         0  lora_lib.o ABSOLUTE
    dc.s                                     0x00000000   Number         0  dc.o ABSOLUTE
    main.c                                   0x00000000   Number         0  main.o ABSOLUTE
    py32f002b_hal.c                          0x00000000   Number         0  py32f002b_hal.o ABSOLUTE
    py32f002b_hal_adc.c                      0x00000000   Number         0  py32f002b_hal_adc.o ABSOLUTE
    py32f002b_hal_comp.c                     0x00000000   Number         0  py32f002b_hal_comp.o ABSOLUTE
    py32f002b_hal_cortex.c                   0x00000000   Number         0  py32f002b_hal_cortex.o ABSOLUTE
    py32f002b_hal_crc.c                      0x00000000   Number         0  py32f002b_hal_crc.o ABSOLUTE
    py32f002b_hal_exti.c                     0x00000000   Number         0  py32f002b_hal_exti.o ABSOLUTE
    py32f002b_hal_flash.c                    0x00000000   Number         0  py32f002b_hal_flash.o ABSOLUTE
    py32f002b_hal_gpio.c                     0x00000000   Number         0  py32f002b_hal_gpio.o ABSOLUTE
    py32f002b_hal_i2c.c                      0x00000000   Number         0  py32f002b_hal_i2c.o ABSOLUTE
    py32f002b_hal_iwdg.c                     0x00000000   Number         0  py32f002b_hal_iwdg.o ABSOLUTE
    py32f002b_hal_lptim.c                    0x00000000   Number         0  py32f002b_hal_lptim.o ABSOLUTE
    py32f002b_hal_msp.c                      0x00000000   Number         0  py32f002b_hal_msp.o ABSOLUTE
    py32f002b_hal_pwr.c                      0x00000000   Number         0  py32f002b_hal_pwr.o ABSOLUTE
    py32f002b_hal_rcc.c                      0x00000000   Number         0  py32f002b_hal_rcc.o ABSOLUTE
    py32f002b_hal_rcc_ex.c                   0x00000000   Number         0  py32f002b_hal_rcc_ex.o ABSOLUTE
    py32f002b_hal_spi.c                      0x00000000   Number         0  py32f002b_hal_spi.o ABSOLUTE
    py32f002b_hal_tim.c                      0x00000000   Number         0  py32f002b_hal_tim.o ABSOLUTE
    py32f002b_hal_tim_ex.c                   0x00000000   Number         0  py32f002b_hal_tim_ex.o ABSOLUTE
    py32f002b_hal_uart.c                     0x00000000   Number         0  py32f002b_hal_uart.o ABSOLUTE
    py32f002b_hal_usart.c                    0x00000000   Number         0  py32f002b_hal_usart.o ABSOLUTE
    py32f002b_it.c                           0x00000000   Number         0  py32f002b_it.o ABSOLUTE
    py32f002bxx_Start_Kit.c                  0x00000000   Number         0  py32f002bxx_start_kit.o ABSOLUTE
    startup_py32f002bxx.s                    0x00000000   Number         0  startup_py32f002bxx.o ABSOLUTE
    system_py32f002b.c                       0x00000000   Number         0  system_py32f002b.o ABSOLUTE
    RESET                                    0x08000000   Section      192  startup_py32f002bxx.o(RESET)
    !!!main                                  0x080000c0   Section        8  __main.o(!!!main)
    !!!scatter                               0x080000c8   Section       84  __scatter.o(!!!scatter)
    !!handler_copy                           0x0800011c   Section       26  __scatter_copy.o(!!handler_copy)
    !!handler_null                           0x08000138   Section        2  __scatter.o(!!handler_null)
    !!handler_zi                             0x0800013c   Section       28  __scatter_zi.o(!!handler_zi)
    .ARM.Collect$$libinit$$00000000          0x08000158   Section        2  libinit.o(.ARM.Collect$$libinit$$00000000)
    .ARM.Collect$$libinit$$00000002          0x0800015a   Section        0  libinit2.o(.ARM.Collect$$libinit$$00000002)
    .ARM.Collect$$libinit$$00000004          0x0800015a   Section        0  libinit2.o(.ARM.Collect$$libinit$$00000004)
    .ARM.Collect$$libinit$$00000006          0x0800015a   Section        0  libinit2.o(.ARM.Collect$$libinit$$00000006)
    .ARM.Collect$$libinit$$0000000C          0x0800015a   Section        0  libinit2.o(.ARM.Collect$$libinit$$0000000C)
    .ARM.Collect$$libinit$$0000000E          0x0800015a   Section        0  libinit2.o(.ARM.Collect$$libinit$$0000000E)
    .ARM.Collect$$libinit$$00000010          0x0800015a   Section        0  libinit2.o(.ARM.Collect$$libinit$$00000010)
    .ARM.Collect$$libinit$$00000013          0x0800015a   Section        0  libinit2.o(.ARM.Collect$$libinit$$00000013)
    .ARM.Collect$$libinit$$00000015          0x0800015a   Section        0  libinit2.o(.ARM.Collect$$libinit$$00000015)
    .ARM.Collect$$libinit$$00000017          0x0800015a   Section        0  libinit2.o(.ARM.Collect$$libinit$$00000017)
    .ARM.Collect$$libinit$$00000019          0x0800015a   Section        0  libinit2.o(.ARM.Collect$$libinit$$00000019)
    .ARM.Collect$$libinit$$0000001B          0x0800015a   Section        0  libinit2.o(.ARM.Collect$$libinit$$0000001B)
    .ARM.Collect$$libinit$$0000001D          0x0800015a   Section        0  libinit2.o(.ARM.Collect$$libinit$$0000001D)
    .ARM.Collect$$libinit$$0000001F          0x0800015a   Section        0  libinit2.o(.ARM.Collect$$libinit$$0000001F)
    .ARM.Collect$$libinit$$00000021          0x0800015a   Section        0  libinit2.o(.ARM.Collect$$libinit$$00000021)
    .ARM.Collect$$libinit$$00000023          0x0800015a   Section        0  libinit2.o(.ARM.Collect$$libinit$$00000023)
    .ARM.Collect$$libinit$$00000025          0x0800015a   Section        0  libinit2.o(.ARM.Collect$$libinit$$00000025)
    .ARM.Collect$$libinit$$00000027          0x0800015a   Section        0  libinit2.o(.ARM.Collect$$libinit$$00000027)
    .ARM.Collect$$libinit$$0000002E          0x0800015a   Section        0  libinit2.o(.ARM.Collect$$libinit$$0000002E)
    .ARM.Collect$$libinit$$00000030          0x0800015a   Section        0  libinit2.o(.ARM.Collect$$libinit$$00000030)
    .ARM.Collect$$libinit$$00000032          0x0800015a   Section        0  libinit2.o(.ARM.Collect$$libinit$$00000032)
    .ARM.Collect$$libinit$$00000034          0x0800015a   Section        0  libinit2.o(.ARM.Collect$$libinit$$00000034)
    .ARM.Collect$$libinit$$00000035          0x0800015a   Section        2  libinit2.o(.ARM.Collect$$libinit$$00000035)
    .ARM.Collect$$libshutdown$$00000000      0x0800015c   Section        2  libshutdown.o(.ARM.Collect$$libshutdown$$00000000)
    .ARM.Collect$$libshutdown$$00000002      0x0800015e   Section        0  libshutdown2.o(.ARM.Collect$$libshutdown$$00000002)
    .ARM.Collect$$libshutdown$$00000004      0x0800015e   Section        0  libshutdown2.o(.ARM.Collect$$libshutdown$$00000004)
    .ARM.Collect$$libshutdown$$00000007      0x0800015e   Section        0  libshutdown2.o(.ARM.Collect$$libshutdown$$00000007)
    .ARM.Collect$$libshutdown$$0000000A      0x0800015e   Section        0  libshutdown2.o(.ARM.Collect$$libshutdown$$0000000A)
    .ARM.Collect$$libshutdown$$0000000C      0x0800015e   Section        0  libshutdown2.o(.ARM.Collect$$libshutdown$$0000000C)
    .ARM.Collect$$libshutdown$$0000000F      0x0800015e   Section        0  libshutdown2.o(.ARM.Collect$$libshutdown$$0000000F)
    .ARM.Collect$$libshutdown$$00000010      0x0800015e   Section        2  libshutdown2.o(.ARM.Collect$$libshutdown$$00000010)
    .ARM.Collect$$rtentry$$00000000          0x08000160   Section        0  __rtentry.o(.ARM.Collect$$rtentry$$00000000)
    .ARM.Collect$$rtentry$$00000002          0x08000160   Section        0  __rtentry2.o(.ARM.Collect$$rtentry$$00000002)
    .ARM.Collect$$rtentry$$00000004          0x08000160   Section        6  __rtentry4.o(.ARM.Collect$$rtentry$$00000004)
    .ARM.Collect$$rtentry$$00000009          0x08000166   Section        0  __rtentry2.o(.ARM.Collect$$rtentry$$00000009)
    .ARM.Collect$$rtentry$$0000000A          0x08000166   Section        4  __rtentry2.o(.ARM.Collect$$rtentry$$0000000A)
    .ARM.Collect$$rtentry$$0000000C          0x0800016a   Section        0  __rtentry2.o(.ARM.Collect$$rtentry$$0000000C)
    .ARM.Collect$$rtentry$$0000000D          0x0800016a   Section        8  __rtentry2.o(.ARM.Collect$$rtentry$$0000000D)
    .ARM.Collect$$rtexit$$00000000           0x08000172   Section        2  rtexit.o(.ARM.Collect$$rtexit$$00000000)
    .ARM.Collect$$rtexit$$00000002           0x08000174   Section        0  rtexit2.o(.ARM.Collect$$rtexit$$00000002)
    .ARM.Collect$$rtexit$$00000003           0x08000174   Section        4  rtexit2.o(.ARM.Collect$$rtexit$$00000003)
    .ARM.Collect$$rtexit$$00000004           0x08000178   Section        6  rtexit2.o(.ARM.Collect$$rtexit$$00000004)
    .text                                    0x08000180   Section       52  startup_py32f002bxx.o(.text)
    .text                                    0x080001b4   Section        0  rt_memclr.o(.text)
    .text                                    0x080001f4   Section        0  heapauxi.o(.text)
    .text                                    0x080001fa   Section       62  sys_stackheap_outer.o(.text)
    .text                                    0x08000238   Section        0  exit.o(.text)
    .text                                    0x08000248   Section        0  sys_exit.o(.text)
    .text                                    0x08000254   Section        8  libspace.o(.text)
    .text                                    0x0800025c   Section        2  use_no_semi.o(.text)
    [Anonymous Symbol]                       0x0800025e   Section        0  main.o(.text.APP_ErrorHandler)
    .text                                    0x0800025e   Section        0  indicate_semi.o(.text)
    [Anonymous Symbol]                       0x08000260   Section        0  py32f002b_it.o(.text.EXTI0_1_IRQHandler)
    __arm_cp.5_0                             0x08000298   Number         4  py32f002b_it.o(.text.EXTI0_1_IRQHandler)
    __arm_cp.5_2                             0x0800029c   Number         4  py32f002b_it.o(.text.EXTI0_1_IRQHandler)
    __arm_cp.5_3                             0x080002a0   Number         4  py32f002b_it.o(.text.EXTI0_1_IRQHandler)
    [Anonymous Symbol]                       0x080002a4   Section        0  py32f002b_hal.o(.text.HAL_Delay)
    [Anonymous Symbol]                       0x080002c4   Section        0  py32f002b_hal_gpio.o(.text.HAL_GPIO_DeInit)
    [Anonymous Symbol]                       0x080003ac   Section        0  py32f002b_hal_gpio.o(.text.HAL_GPIO_Init)
    __arm_cp.0_0                             0x08000514   Number         4  py32f002b_hal_gpio.o(.text.HAL_GPIO_Init)
    __arm_cp.0_1                             0x08000518   Number         4  py32f002b_hal_gpio.o(.text.HAL_GPIO_Init)
    __arm_cp.0_2                             0x0800051c   Number         4  py32f002b_hal_gpio.o(.text.HAL_GPIO_Init)
    __arm_cp.0_3                             0x08000520   Number         4  py32f002b_hal_gpio.o(.text.HAL_GPIO_Init)
    [Anonymous Symbol]                       0x08000524   Section        0  py32f002b_hal_gpio.o(.text.HAL_GPIO_ReadPin)
    [Anonymous Symbol]                       0x0800052e   Section        0  py32f002b_hal_gpio.o(.text.HAL_GPIO_WritePin)
    [Anonymous Symbol]                       0x08000540   Section        0  py32f002b_hal.o(.text.HAL_GetTick)
    [Anonymous Symbol]                       0x08000548   Section        0  py32f002b_hal.o(.text.HAL_IncTick)
    __arm_cp.5_1                             0x08000558   Number         4  py32f002b_hal.o(.text.HAL_IncTick)
    [Anonymous Symbol]                       0x0800055c   Section        0  py32f002b_hal.o(.text.HAL_Init)
    [Anonymous Symbol]                       0x08000574   Section        0  py32f002b_hal.o(.text.HAL_InitTick)
    __arm_cp.1_0                             0x080005b4   Number         4  py32f002b_hal.o(.text.HAL_InitTick)
    [Anonymous Symbol]                       0x080005b8   Section        0  py32f002b_hal_msp.o(.text.HAL_MspInit)
    __arm_cp.0_0                             0x080005e0   Number         4  py32f002b_hal_msp.o(.text.HAL_MspInit)
    [Anonymous Symbol]                       0x080005e4   Section        0  py32f002b_hal_cortex.o(.text.HAL_NVIC_EnableIRQ)
    __arm_cp.1_0                             0x080005f4   Number         4  py32f002b_hal_cortex.o(.text.HAL_NVIC_EnableIRQ)
    [Anonymous Symbol]                       0x080005f8   Section        0  py32f002b_hal_cortex.o(.text.HAL_NVIC_SetPriority)
    __arm_cp.0_0                             0x08000628   Number         4  py32f002b_hal_cortex.o(.text.HAL_NVIC_SetPriority)
    __arm_cp.0_1                             0x0800062c   Number         4  py32f002b_hal_cortex.o(.text.HAL_NVIC_SetPriority)
    [Anonymous Symbol]                       0x08000630   Section        0  py32f002b_hal_rcc.o(.text.HAL_RCC_ClockConfig)
    __arm_cp.3_0                             0x080007c0   Number         4  py32f002b_hal_rcc.o(.text.HAL_RCC_ClockConfig)
    __arm_cp.3_1                             0x080007c4   Number         4  py32f002b_hal_rcc.o(.text.HAL_RCC_ClockConfig)
    __arm_cp.3_2                             0x080007c8   Number         4  py32f002b_hal_rcc.o(.text.HAL_RCC_ClockConfig)
    __arm_cp.3_3                             0x080007cc   Number         4  py32f002b_hal_rcc.o(.text.HAL_RCC_ClockConfig)
    __arm_cp.3_6                             0x080007d0   Number         4  py32f002b_hal_rcc.o(.text.HAL_RCC_ClockConfig)
    __arm_cp.3_7                             0x080007d4   Number         4  py32f002b_hal_rcc.o(.text.HAL_RCC_ClockConfig)
    [Anonymous Symbol]                       0x080007d8   Section        0  py32f002b_hal_rcc.o(.text.HAL_RCC_OscConfig)
    __arm_cp.1_0                             0x08000b04   Number         4  py32f002b_hal_rcc.o(.text.HAL_RCC_OscConfig)
    __arm_cp.1_1                             0x08000b08   Number         4  py32f002b_hal_rcc.o(.text.HAL_RCC_OscConfig)
    __arm_cp.1_2                             0x08000b0c   Number         4  py32f002b_hal_rcc.o(.text.HAL_RCC_OscConfig)
    __arm_cp.1_3                             0x08000b10   Number         4  py32f002b_hal_rcc.o(.text.HAL_RCC_OscConfig)
    __arm_cp.1_4                             0x08000b14   Number         4  py32f002b_hal_rcc.o(.text.HAL_RCC_OscConfig)
    __arm_cp.1_5                             0x08000b18   Number         4  py32f002b_hal_rcc.o(.text.HAL_RCC_OscConfig)
    __arm_cp.1_6                             0x08000b1c   Number         4  py32f002b_hal_rcc.o(.text.HAL_RCC_OscConfig)
    __arm_cp.1_7                             0x08000b20   Number         4  py32f002b_hal_rcc.o(.text.HAL_RCC_OscConfig)
    __arm_cp.1_8                             0x08000b24   Number         4  py32f002b_hal_rcc.o(.text.HAL_RCC_OscConfig)
    __arm_cp.1_9                             0x08000b28   Number         4  py32f002b_hal_rcc.o(.text.HAL_RCC_OscConfig)
    [Anonymous Symbol]                       0x08000b2c   Section        0  py32f002b_hal_spi.o(.text.HAL_SPI_DeInit)
    [Anonymous Symbol]                       0x08000b58   Section        0  py32f002b_hal_spi.o(.text.HAL_SPI_Init)
    [Anonymous Symbol]                       0x08000bec   Section        0  py32f002b_hal_msp.o(.text.HAL_SPI_MspDeInit)
    __arm_cp.2_0                             0x08000c14   Number         4  py32f002b_hal_msp.o(.text.HAL_SPI_MspDeInit)
    [Anonymous Symbol]                       0x08000c18   Section        0  py32f002b_hal_msp.o(.text.HAL_SPI_MspInit)
    __arm_cp.1_0                             0x08000cac   Number         4  py32f002b_hal_msp.o(.text.HAL_SPI_MspInit)
    __arm_cp.1_1                             0x08000cb0   Number         4  py32f002b_hal_msp.o(.text.HAL_SPI_MspInit)
    [Anonymous Symbol]                       0x08000cb4   Section        0  py32f002b_hal_cortex.o(.text.HAL_SYSTICK_Config)
    __arm_cp.4_0                             0x08000cdc   Number         4  py32f002b_hal_cortex.o(.text.HAL_SYSTICK_Config)
    __arm_cp.4_1                             0x08000ce0   Number         4  py32f002b_hal_cortex.o(.text.HAL_SYSTICK_Config)
    __arm_cp.4_2                             0x08000ce4   Number         4  py32f002b_hal_cortex.o(.text.HAL_SYSTICK_Config)
    [Anonymous Symbol]                       0x08000ce8   Section        0  py32f002b_it.o(.text.HardFault_Handler)
    [Anonymous Symbol]                       0x08000cec   Section        0  lora_lib.o(.text.LORALIB_LORA_Init)
    __arm_cp.0_5                             0x08000d24   Number         4  lora_lib.o(.text.LORALIB_LORA_Init)
    __arm_cp.0_0                             0x080010fc   Number         4  lora_lib.o(.text.LORALIB_LORA_Init)
    __arm_cp.0_2                             0x08001100   Number         4  lora_lib.o(.text.LORALIB_LORA_Init)
    __arm_cp.0_3                             0x08001104   Number         4  lora_lib.o(.text.LORALIB_LORA_Init)
    [Anonymous Symbol]                       0x08001108   Section        0  lora_lib.o(.text.LORALIB_LORA_ReceivePacket)
    __arm_cp.3_0                             0x0800131c   Number         4  lora_lib.o(.text.LORALIB_LORA_ReceivePacket)
    [Anonymous Symbol]                       0x08001320   Section        0  lora_lib.o(.text.LORALIB_LORA_SendPacket)
    __arm_cp.1_0                             0x08001568   Number         4  lora_lib.o(.text.LORALIB_LORA_SendPacket)
    [Anonymous Symbol]                       0x0800156c   Section        0  py32f002b_it.o(.text.NMI_Handler)
    [Anonymous Symbol]                       0x0800156e   Section        0  py32f002b_it.o(.text.PendSV_Handler)
    [Anonymous Symbol]                       0x08001570   Section        0  py32f002b_it.o(.text.SVC_Handler)
    [Anonymous Symbol]                       0x08001572   Section        0  py32f002b_it.o(.text.SysTick_Handler)
    [Anonymous Symbol]                       0x0800157c   Section        0  system_py32f002b.o(.text.SystemInit)
    __arm_cp.1_0                             0x080015bc   Number         4  system_py32f002b.o(.text.SystemInit)
    __arm_cp.1_1                             0x080015c0   Number         4  system_py32f002b.o(.text.SystemInit)
    __arm_cp.1_3                             0x080015c4   Number         4  system_py32f002b.o(.text.SystemInit)
    __arm_cp.1_4                             0x080015c8   Number         4  system_py32f002b.o(.text.SystemInit)
    __arm_cp.1_5                             0x080015cc   Number         4  system_py32f002b.o(.text.SystemInit)
    [Anonymous Symbol]                       0x080015d0   Section        0  main.o(.text.main)
    __arm_cp.0_0                             0x080016ac   Number         4  main.o(.text.main)
    __arm_cp.0_1                             0x080016b0   Number         4  main.o(.text.main)
    __arm_cp.0_2                             0x080016b4   Number         4  main.o(.text.main)
    __arm_cp.0_3                             0x080016b8   Number         4  main.o(.text.main)
    __arm_cp.0_4                             0x080016bc   Number         4  main.o(.text.main)
    .text_divfast                            0x080016c0   Section      502  aeabi_sdivfast.o(.text_divfast)
    [Anonymous Symbol]                       0x080018f8   Section        0  py32f002b_hal_rcc.o(.rodata.cst32)
    .bss                                     0x20000010   Section       96  libspace.o(.bss)
    Heap_Mem                                 0x200000c8   Data           0  startup_py32f002bxx.o(HEAP)
    Stack_Mem                                0x200000c8   Data        1024  startup_py32f002bxx.o(STACK)
    HEAP                                     0x200000c8   Section        0  startup_py32f002bxx.o(HEAP)
    STACK                                    0x200000c8   Section     1024  startup_py32f002bxx.o(STACK)
    __initial_sp                             0x200004c8   Data           0  startup_py32f002bxx.o(STACK)

    Global Symbols

    Symbol Name                              Value     Ov Type        Size  Object(Section)

    BuildAttributes$$THM_ISAv3M$S$PE$A:L22$X:L11$S22$IEEE1$IW$~IW$USESV6$~STKCKD$USESV7$~SHL$OTIME$ROPI$EBA8$UX$STANDARDLIB$REQ8$PRES8$EABIv2 0x00000000   Number         0  anon$$obj.o ABSOLUTE
    __ARM_exceptions_init                     - Undefined Weak Reference
    __alloca_initialize                       - Undefined Weak Reference
    __arm_preinit_                            - Undefined Weak Reference
    __arm_relocate_pie_                       - Undefined Weak Reference
    __cpp_initialize__aeabi_                  - Undefined Weak Reference
    __cxa_finalize                            - Undefined Weak Reference
    __rt_locale                               - Undefined Weak Reference
    __sigvec_lookup                           - Undefined Weak Reference
    __user_heap_extent                        - Undefined Weak Reference
    _atexit_init                              - Undefined Weak Reference
    _call_atexit_fns                          - Undefined Weak Reference
    _clock_init                               - Undefined Weak Reference
    _fp_trap_init                             - Undefined Weak Reference
    _fp_trap_shutdown                         - Undefined Weak Reference
    _get_lc_collate                           - Undefined Weak Reference
    _get_lc_ctype                             - Undefined Weak Reference
    _get_lc_monetary                          - Undefined Weak Reference
    _get_lc_numeric                           - Undefined Weak Reference
    _get_lc_time                              - Undefined Weak Reference
    _getenv_init                              - Undefined Weak Reference
    _handle_redirection                       - Undefined Weak Reference
    _mutex_acquire                            - Undefined Weak Reference
    _mutex_free                               - Undefined Weak Reference
    _mutex_release                            - Undefined Weak Reference
    _rand_init                                - Undefined Weak Reference
    _signal_finish                            - Undefined Weak Reference
    _signal_init                              - Undefined Weak Reference
    __Vectors_Size                           0x000000c0   Number         0  startup_py32f002bxx.o ABSOLUTE
    __Vectors                                0x08000000   Data           4  startup_py32f002bxx.o(RESET)
    __Vectors_End                            0x080000c0   Data           0  startup_py32f002bxx.o(RESET)
    __main                                   0x080000c1   Thumb Code     8  __main.o(!!!main)
    __scatterload                            0x080000c9   Thumb Code     0  __scatter.o(!!!scatter)
    __scatterload_rt2                        0x080000c9   Thumb Code    74  __scatter.o(!!!scatter)
    __scatterload_rt2_thumb_only             0x080000c9   Thumb Code     0  __scatter.o(!!!scatter)
    __scatterload_loop                       0x080000d3   Thumb Code     0  __scatter.o(!!!scatter)
    __scatterload_copy                       0x0800011d   Thumb Code    26  __scatter_copy.o(!!handler_copy)
    __scatterload_null                       0x08000139   Thumb Code     2  __scatter.o(!!handler_null)
    __scatterload_zeroinit                   0x0800013d   Thumb Code    28  __scatter_zi.o(!!handler_zi)
    __rt_lib_init                            0x08000159   Thumb Code     0  libinit.o(.ARM.Collect$$libinit$$00000000)
    __rt_lib_init_alloca_1                   0x0800015b   Thumb Code     0  libinit2.o(.ARM.Collect$$libinit$$00000030)
    __rt_lib_init_argv_1                     0x0800015b   Thumb Code     0  libinit2.o(.ARM.Collect$$libinit$$0000002E)
    __rt_lib_init_atexit_1                   0x0800015b   Thumb Code     0  libinit2.o(.ARM.Collect$$libinit$$0000001D)
    __rt_lib_init_clock_1                    0x0800015b   Thumb Code     0  libinit2.o(.ARM.Collect$$libinit$$00000023)
    __rt_lib_init_cpp_1                      0x0800015b   Thumb Code     0  libinit2.o(.ARM.Collect$$libinit$$00000034)
    __rt_lib_init_exceptions_1               0x0800015b   Thumb Code     0  libinit2.o(.ARM.Collect$$libinit$$00000032)
    __rt_lib_init_fp_1                       0x0800015b   Thumb Code     0  libinit2.o(.ARM.Collect$$libinit$$00000002)
    __rt_lib_init_fp_trap_1                  0x0800015b   Thumb Code     0  libinit2.o(.ARM.Collect$$libinit$$00000021)
    __rt_lib_init_getenv_1                   0x0800015b   Thumb Code     0  libinit2.o(.ARM.Collect$$libinit$$00000025)
    __rt_lib_init_heap_1                     0x0800015b   Thumb Code     0  libinit2.o(.ARM.Collect$$libinit$$0000000C)
    __rt_lib_init_lc_collate_1               0x0800015b   Thumb Code     0  libinit2.o(.ARM.Collect$$libinit$$00000013)
    __rt_lib_init_lc_ctype_1                 0x0800015b   Thumb Code     0  libinit2.o(.ARM.Collect$$libinit$$00000015)
    __rt_lib_init_lc_monetary_1              0x0800015b   Thumb Code     0  libinit2.o(.ARM.Collect$$libinit$$00000017)
    __rt_lib_init_lc_numeric_1               0x0800015b   Thumb Code     0  libinit2.o(.ARM.Collect$$libinit$$00000019)
    __rt_lib_init_lc_time_1                  0x0800015b   Thumb Code     0  libinit2.o(.ARM.Collect$$libinit$$0000001B)
    __rt_lib_init_preinit_1                  0x0800015b   Thumb Code     0  libinit2.o(.ARM.Collect$$libinit$$00000006)
    __rt_lib_init_rand_1                     0x0800015b   Thumb Code     0  libinit2.o(.ARM.Collect$$libinit$$00000010)
    __rt_lib_init_relocate_pie_1             0x0800015b   Thumb Code     0  libinit2.o(.ARM.Collect$$libinit$$00000004)
    __rt_lib_init_return                     0x0800015b   Thumb Code     0  libinit2.o(.ARM.Collect$$libinit$$00000035)
    __rt_lib_init_signal_1                   0x0800015b   Thumb Code     0  libinit2.o(.ARM.Collect$$libinit$$0000001F)
    __rt_lib_init_stdio_1                    0x0800015b   Thumb Code     0  libinit2.o(.ARM.Collect$$libinit$$00000027)
    __rt_lib_init_user_alloc_1               0x0800015b   Thumb Code     0  libinit2.o(.ARM.Collect$$libinit$$0000000E)
    __rt_lib_shutdown                        0x0800015d   Thumb Code     0  libshutdown.o(.ARM.Collect$$libshutdown$$00000000)
    __rt_lib_shutdown_cpp_1                  0x0800015f   Thumb Code     0  libshutdown2.o(.ARM.Collect$$libshutdown$$00000002)
    __rt_lib_shutdown_fp_trap_1              0x0800015f   Thumb Code     0  libshutdown2.o(.ARM.Collect$$libshutdown$$00000007)
    __rt_lib_shutdown_heap_1                 0x0800015f   Thumb Code     0  libshutdown2.o(.ARM.Collect$$libshutdown$$0000000F)
    __rt_lib_shutdown_return                 0x0800015f   Thumb Code     0  libshutdown2.o(.ARM.Collect$$libshutdown$$00000010)
    __rt_lib_shutdown_signal_1               0x0800015f   Thumb Code     0  libshutdown2.o(.ARM.Collect$$libshutdown$$0000000A)
    __rt_lib_shutdown_stdio_1                0x0800015f   Thumb Code     0  libshutdown2.o(.ARM.Collect$$libshutdown$$00000004)
    __rt_lib_shutdown_user_alloc_1           0x0800015f   Thumb Code     0  libshutdown2.o(.ARM.Collect$$libshutdown$$0000000C)
    __rt_entry                               0x08000161   Thumb Code     0  __rtentry.o(.ARM.Collect$$rtentry$$00000000)
    __rt_entry_presh_1                       0x08000161   Thumb Code     0  __rtentry2.o(.ARM.Collect$$rtentry$$00000002)
    __rt_entry_sh                            0x08000161   Thumb Code     0  __rtentry4.o(.ARM.Collect$$rtentry$$00000004)
    __rt_entry_li                            0x08000167   Thumb Code     0  __rtentry2.o(.ARM.Collect$$rtentry$$0000000A)
    __rt_entry_postsh_1                      0x08000167   Thumb Code     0  __rtentry2.o(.ARM.Collect$$rtentry$$00000009)
    __rt_entry_main                          0x0800016b   Thumb Code     0  __rtentry2.o(.ARM.Collect$$rtentry$$0000000D)
    __rt_entry_postli_1                      0x0800016b   Thumb Code     0  __rtentry2.o(.ARM.Collect$$rtentry$$0000000C)
    __rt_exit                                0x08000173   Thumb Code     0  rtexit.o(.ARM.Collect$$rtexit$$00000000)
    __rt_exit_ls                             0x08000175   Thumb Code     0  rtexit2.o(.ARM.Collect$$rtexit$$00000003)
    __rt_exit_prels_1                        0x08000175   Thumb Code     0  rtexit2.o(.ARM.Collect$$rtexit$$00000002)
    __rt_exit_exit                           0x08000179   Thumb Code     0  rtexit2.o(.ARM.Collect$$rtexit$$00000004)
    Reset_Handler                            0x08000181   Thumb Code     8  startup_py32f002bxx.o(.text)
    ADC_COMP_IRQHandler                      0x08000193   Thumb Code     0  startup_py32f002bxx.o(.text)
    EXTI2_3_IRQHandler                       0x08000193   Thumb Code     0  startup_py32f002bxx.o(.text)
    EXTI4_15_IRQHandler                      0x08000193   Thumb Code     0  startup_py32f002bxx.o(.text)
    FLASH_IRQHandler                         0x08000193   Thumb Code     0  startup_py32f002bxx.o(.text)
    I2C1_IRQHandler                          0x08000193   Thumb Code     0  startup_py32f002bxx.o(.text)
    LPTIM1_IRQHandler                        0x08000193   Thumb Code     0  startup_py32f002bxx.o(.text)
    RCC_IRQHandler                           0x08000193   Thumb Code     0  startup_py32f002bxx.o(.text)
    SPI1_IRQHandler                          0x08000193   Thumb Code     0  startup_py32f002bxx.o(.text)
    TIM14_IRQHandler                         0x08000193   Thumb Code     0  startup_py32f002bxx.o(.text)
    TIM1_BRK_UP_TRG_COM_IRQHandler           0x08000193   Thumb Code     0  startup_py32f002bxx.o(.text)
    TIM1_CC_IRQHandler                       0x08000193   Thumb Code     0  startup_py32f002bxx.o(.text)
    USART1_IRQHandler                        0x08000193   Thumb Code     0  startup_py32f002bxx.o(.text)
    __user_initial_stackheap                 0x08000195   Thumb Code     0  startup_py32f002bxx.o(.text)
    _memset_w                                0x080001b5   Thumb Code    26  rt_memclr.o(.text)
    _memset                                  0x080001cf   Thumb Code    30  rt_memclr.o(.text)
    __aeabi_memclr                           0x080001ed   Thumb Code     4  rt_memclr.o(.text)
    __rt_memclr                              0x080001ed   Thumb Code     0  rt_memclr.o(.text)
    __aeabi_memclr4                          0x080001f1   Thumb Code     0  rt_memclr.o(.text)
    __aeabi_memclr8                          0x080001f1   Thumb Code     0  rt_memclr.o(.text)
    __rt_memclr_w                            0x080001f1   Thumb Code     4  rt_memclr.o(.text)
    __use_two_region_memory                  0x080001f5   Thumb Code     2  heapauxi.o(.text)
    __rt_heap_escrow                         0x080001f7   Thumb Code     2  heapauxi.o(.text)
    __rt_heap_expand                         0x080001f9   Thumb Code     2  heapauxi.o(.text)
    __user_setup_stackheap                   0x080001fb   Thumb Code    62  sys_stackheap_outer.o(.text)
    exit                                     0x08000239   Thumb Code    16  exit.o(.text)
    _sys_exit                                0x08000249   Thumb Code     8  sys_exit.o(.text)
    __user_libspace                          0x08000255   Thumb Code     8  libspace.o(.text)
    __user_perproc_libspace                  0x08000255   Thumb Code     0  libspace.o(.text)
    __user_perthread_libspace                0x08000255   Thumb Code     0  libspace.o(.text)
    __I$use$semihosting                      0x0800025d   Thumb Code     0  use_no_semi.o(.text)
    __use_no_semihosting_swi                 0x0800025d   Thumb Code     2  use_no_semi.o(.text)
    APP_ErrorHandler                         0x0800025f   Thumb Code     2  main.o(.text.APP_ErrorHandler)
    __semihosting_library_function           0x0800025f   Thumb Code     0  indicate_semi.o(.text)
    EXTI0_1_IRQHandler                       0x08000261   Thumb Code    56  py32f002b_it.o(.text.EXTI0_1_IRQHandler)
    HAL_Delay                                0x080002a5   Thumb Code    32  py32f002b_hal.o(.text.HAL_Delay)
    HAL_GPIO_DeInit                          0x080002c5   Thumb Code   232  py32f002b_hal_gpio.o(.text.HAL_GPIO_DeInit)
    HAL_GPIO_Init                            0x080003ad   Thumb Code   360  py32f002b_hal_gpio.o(.text.HAL_GPIO_Init)
    HAL_GPIO_ReadPin                         0x08000525   Thumb Code    10  py32f002b_hal_gpio.o(.text.HAL_GPIO_ReadPin)
    HAL_GPIO_WritePin                        0x0800052f   Thumb Code    16  py32f002b_hal_gpio.o(.text.HAL_GPIO_WritePin)
    HAL_GetTick                              0x08000541   Thumb Code     8  py32f002b_hal.o(.text.HAL_GetTick)
    HAL_IncTick                              0x08000549   Thumb Code    16  py32f002b_hal.o(.text.HAL_IncTick)
    HAL_Init                                 0x0800055d   Thumb Code    24  py32f002b_hal.o(.text.HAL_Init)
    HAL_InitTick                             0x08000575   Thumb Code    64  py32f002b_hal.o(.text.HAL_InitTick)
    HAL_MspInit                              0x080005b9   Thumb Code    40  py32f002b_hal_msp.o(.text.HAL_MspInit)
    HAL_NVIC_EnableIRQ                       0x080005e5   Thumb Code    16  py32f002b_hal_cortex.o(.text.HAL_NVIC_EnableIRQ)
    HAL_NVIC_SetPriority                     0x080005f9   Thumb Code    48  py32f002b_hal_cortex.o(.text.HAL_NVIC_SetPriority)
    HAL_RCC_ClockConfig                      0x08000631   Thumb Code   400  py32f002b_hal_rcc.o(.text.HAL_RCC_ClockConfig)
    HAL_RCC_OscConfig                        0x080007d9   Thumb Code   812  py32f002b_hal_rcc.o(.text.HAL_RCC_OscConfig)
    HAL_SPI_DeInit                           0x08000b2d   Thumb Code    44  py32f002b_hal_spi.o(.text.HAL_SPI_DeInit)
    HAL_SPI_Init                             0x08000b59   Thumb Code   146  py32f002b_hal_spi.o(.text.HAL_SPI_Init)
    HAL_SPI_MspDeInit                        0x08000bed   Thumb Code    40  py32f002b_hal_msp.o(.text.HAL_SPI_MspDeInit)
    HAL_SPI_MspInit                          0x08000c19   Thumb Code   148  py32f002b_hal_msp.o(.text.HAL_SPI_MspInit)
    HAL_SYSTICK_Config                       0x08000cb5   Thumb Code    40  py32f002b_hal_cortex.o(.text.HAL_SYSTICK_Config)
    HardFault_Handler                        0x08000ce9   Thumb Code     2  py32f002b_it.o(.text.HardFault_Handler)
    LORALIB_LORA_Init                        0x08000ced   Thumb Code  1040  lora_lib.o(.text.LORALIB_LORA_Init)
    LORALIB_LORA_ReceivePacket               0x08001109   Thumb Code   532  lora_lib.o(.text.LORALIB_LORA_ReceivePacket)
    LORALIB_LORA_SendPacket                  0x08001321   Thumb Code   584  lora_lib.o(.text.LORALIB_LORA_SendPacket)
    NMI_Handler                              0x0800156d   Thumb Code     2  py32f002b_it.o(.text.NMI_Handler)
    PendSV_Handler                           0x0800156f   Thumb Code     2  py32f002b_it.o(.text.PendSV_Handler)
    SVC_Handler                              0x08001571   Thumb Code     2  py32f002b_it.o(.text.SVC_Handler)
    SysTick_Handler                          0x08001573   Thumb Code     8  py32f002b_it.o(.text.SysTick_Handler)
    SystemInit                               0x0800157d   Thumb Code    64  system_py32f002b.o(.text.SystemInit)
    main                                     0x080015d1   Thumb Code   220  main.o(.text.main)
    __aeabi_uidiv                            0x080016c1   Thumb Code    68  aeabi_sdivfast.o(.text_divfast)
    __aeabi_idiv                             0x08001705   Thumb Code   434  aeabi_sdivfast.o(.text_divfast)
    AHBPrescTable                            0x080018b8   Data          64  system_py32f002b.o(.rodata.AHBPrescTable)
    Region$$Table$$Base                      0x08001918   Number         0  anon$$obj.o(Region$$Table)
    Region$$Table$$Limit                     0x08001938   Number         0  anon$$obj.o(Region$$Table)
    SystemCoreClock                          0x20000000   Data           4  system_py32f002b.o(.data.SystemCoreClock)
    uwTickFreq                               0x20000004   Data           4  py32f002b_hal.o(.data.uwTickFreq)
    uwTickPrio                               0x20000008   Data           4  py32f002b_hal.o(.data.uwTickPrio)
    __libspace_start                         0x20000010   Data          96  libspace.o(.bss)
    EXTI_Flag                                0x20000070   Data           1  py32f002b_it.o(.bss.EXTI_Flag)
    __temporary_stack_top$libspace           0x20000070   Data           0  libspace.o(.bss)
    Past_Impuls_Timing                       0x20000074   Data           4  py32f002b_it.o(.bss.Past_Impuls_Timing)
    Spi1Handle                               0x20000078   Data          68  lora_lib.o(.bss.Spi1Handle)
    cnt                                      0x200000bc   Data           1  py32f002b_it.o(.bss.cnt)
    uwTick                                   0x200000c0   Data           4  py32f002b_hal.o(.bss.uwTick)



==============================================================================

Memory Map of the image

  Image Entry point : 0x080000c1

  Load Region LR_IROM1 (Base: 0x08000000, Size: 0x00001948, Max: 0x00006000, ABSOLUTE)

    Execution Region ER_IROM1 (Exec base: 0x08000000, Load base: 0x08000000, Size: 0x00001938, Max: 0x00006000, ABSOLUTE)

    Exec Addr    Load Addr    Size         Type   Attr      Idx    E Section Name        Object

    0x08000000   0x08000000   0x000000c0   Data   RO            3    RESET               startup_py32f002bxx.o
    0x080000c0   0x080000c0   0x00000008   Code   RO          583  * !!!main             c_p.l(__main.o)
    0x080000c8   0x080000c8   0x00000054   Code   RO          903    !!!scatter          c_p.l(__scatter.o)
    0x0800011c   0x0800011c   0x0000001a   Code   RO          907    !!handler_copy      c_p.l(__scatter_copy.o)
    0x08000136   0x08000136   0x00000002   PAD
    0x08000138   0x08000138   0x00000002   Code   RO          904    !!handler_null      c_p.l(__scatter.o)
    0x0800013a   0x0800013a   0x00000002   PAD
    0x0800013c   0x0800013c   0x0000001c   Code   RO          909    !!handler_zi        c_p.l(__scatter_zi.o)
    0x08000158   0x08000158   0x00000002   Code   RO          805    .ARM.Collect$$libinit$$00000000  c_p.l(libinit.o)
    0x0800015a   0x0800015a   0x00000000   Code   RO          684    .ARM.Collect$$libinit$$00000002  c_p.l(libinit2.o)
    0x0800015a   0x0800015a   0x00000000   Code   RO          686    .ARM.Collect$$libinit$$00000004  c_p.l(libinit2.o)
    0x0800015a   0x0800015a   0x00000000   Code   RO          688    .ARM.Collect$$libinit$$00000006  c_p.l(libinit2.o)
    0x0800015a   0x0800015a   0x00000000   Code   RO          691    .ARM.Collect$$libinit$$0000000C  c_p.l(libinit2.o)
    0x0800015a   0x0800015a   0x00000000   Code   RO          693    .ARM.Collect$$libinit$$0000000E  c_p.l(libinit2.o)
    0x0800015a   0x0800015a   0x00000000   Code   RO          695    .ARM.Collect$$libinit$$00000010  c_p.l(libinit2.o)
    0x0800015a   0x0800015a   0x00000000   Code   RO          698    .ARM.Collect$$libinit$$00000013  c_p.l(libinit2.o)
    0x0800015a   0x0800015a   0x00000000   Code   RO          700    .ARM.Collect$$libinit$$00000015  c_p.l(libinit2.o)
    0x0800015a   0x0800015a   0x00000000   Code   RO          702    .ARM.Collect$$libinit$$00000017  c_p.l(libinit2.o)
    0x0800015a   0x0800015a   0x00000000   Code   RO          704    .ARM.Collect$$libinit$$00000019  c_p.l(libinit2.o)
    0x0800015a   0x0800015a   0x00000000   Code   RO          706    .ARM.Collect$$libinit$$0000001B  c_p.l(libinit2.o)
    0x0800015a   0x0800015a   0x00000000   Code   RO          708    .ARM.Collect$$libinit$$0000001D  c_p.l(libinit2.o)
    0x0800015a   0x0800015a   0x00000000   Code   RO          710    .ARM.Collect$$libinit$$0000001F  c_p.l(libinit2.o)
    0x0800015a   0x0800015a   0x00000000   Code   RO          712    .ARM.Collect$$libinit$$00000021  c_p.l(libinit2.o)
    0x0800015a   0x0800015a   0x00000000   Code   RO          714    .ARM.Collect$$libinit$$00000023  c_p.l(libinit2.o)
    0x0800015a   0x0800015a   0x00000000   Code   RO          716    .ARM.Collect$$libinit$$00000025  c_p.l(libinit2.o)
    0x0800015a   0x0800015a   0x00000000   Code   RO          718    .ARM.Collect$$libinit$$00000027  c_p.l(libinit2.o)
    0x0800015a   0x0800015a   0x00000000   Code   RO          722    .ARM.Collect$$libinit$$0000002E  c_p.l(libinit2.o)
    0x0800015a   0x0800015a   0x00000000   Code   RO          724    .ARM.Collect$$libinit$$00000030  c_p.l(libinit2.o)
    0x0800015a   0x0800015a   0x00000000   Code   RO          726    .ARM.Collect$$libinit$$00000032  c_p.l(libinit2.o)
    0x0800015a   0x0800015a   0x00000000   Code   RO          728    .ARM.Collect$$libinit$$00000034  c_p.l(libinit2.o)
    0x0800015a   0x0800015a   0x00000002   Code   RO          729    .ARM.Collect$$libinit$$00000035  c_p.l(libinit2.o)
    0x0800015c   0x0800015c   0x00000002   Code   RO          900    .ARM.Collect$$libshutdown$$00000000  c_p.l(libshutdown.o)
    0x0800015e   0x0800015e   0x00000000   Code   RO          731    .ARM.Collect$$libshutdown$$00000002  c_p.l(libshutdown2.o)
    0x0800015e   0x0800015e   0x00000000   Code   RO          733    .ARM.Collect$$libshutdown$$00000004  c_p.l(libshutdown2.o)
    0x0800015e   0x0800015e   0x00000000   Code   RO          736    .ARM.Collect$$libshutdown$$00000007  c_p.l(libshutdown2.o)
    0x0800015e   0x0800015e   0x00000000   Code   RO          739    .ARM.Collect$$libshutdown$$0000000A  c_p.l(libshutdown2.o)
    0x0800015e   0x0800015e   0x00000000   Code   RO          741    .ARM.Collect$$libshutdown$$0000000C  c_p.l(libshutdown2.o)
    0x0800015e   0x0800015e   0x00000000   Code   RO          744    .ARM.Collect$$libshutdown$$0000000F  c_p.l(libshutdown2.o)
    0x0800015e   0x0800015e   0x00000002   Code   RO          745    .ARM.Collect$$libshutdown$$00000010  c_p.l(libshutdown2.o)
    0x08000160   0x08000160   0x00000000   Code   RO          585    .ARM.Collect$$rtentry$$00000000  c_p.l(__rtentry.o)
    0x08000160   0x08000160   0x00000000   Code   RO          600    .ARM.Collect$$rtentry$$00000002  c_p.l(__rtentry2.o)
    0x08000160   0x08000160   0x00000006   Code   RO          612    .ARM.Collect$$rtentry$$00000004  c_p.l(__rtentry4.o)
    0x08000166   0x08000166   0x00000000   Code   RO          602    .ARM.Collect$$rtentry$$00000009  c_p.l(__rtentry2.o)
    0x08000166   0x08000166   0x00000004   Code   RO          603    .ARM.Collect$$rtentry$$0000000A  c_p.l(__rtentry2.o)
    0x0800016a   0x0800016a   0x00000000   Code   RO          605    .ARM.Collect$$rtentry$$0000000C  c_p.l(__rtentry2.o)
    0x0800016a   0x0800016a   0x00000008   Code   RO          606    .ARM.Collect$$rtentry$$0000000D  c_p.l(__rtentry2.o)
    0x08000172   0x08000172   0x00000002   Code   RO          819    .ARM.Collect$$rtexit$$00000000  c_p.l(rtexit.o)
    0x08000174   0x08000174   0x00000000   Code   RO          863    .ARM.Collect$$rtexit$$00000002  c_p.l(rtexit2.o)
    0x08000174   0x08000174   0x00000004   Code   RO          864    .ARM.Collect$$rtexit$$00000003  c_p.l(rtexit2.o)
    0x08000178   0x08000178   0x00000006   Code   RO          865    .ARM.Collect$$rtexit$$00000004  c_p.l(rtexit2.o)
    0x0800017e   0x0800017e   0x00000002   PAD
    0x08000180   0x08000180   0x00000034   Code   RO            4    .text               startup_py32f002bxx.o
    0x080001b4   0x080001b4   0x00000040   Code   RO          571    .text               c_p.l(rt_memclr.o)
    0x080001f4   0x080001f4   0x00000006   Code   RO          581    .text               c_p.l(heapauxi.o)
    0x080001fa   0x080001fa   0x0000003e   Code   RO          750    .text               c_p.l(sys_stackheap_outer.o)
    0x08000238   0x08000238   0x00000010   Code   RO          784    .text               c_p.l(exit.o)
    0x08000248   0x08000248   0x0000000c   Code   RO          808    .text               c_p.l(sys_exit.o)
    0x08000254   0x08000254   0x00000008   Code   RO          812    .text               c_p.l(libspace.o)
    0x0800025c   0x0800025c   0x00000002   Code   RO          815    .text               c_p.l(use_no_semi.o)
    0x0800025e   0x0800025e   0x00000000   Code   RO          817    .text               c_p.l(indicate_semi.o)
    0x0800025e   0x0800025e   0x00000002   Code   RO           29    .text.APP_ErrorHandler  main.o
    0x08000260   0x08000260   0x00000044   Code   RO           66    .text.EXTI0_1_IRQHandler  py32f002b_it.o
    0x080002a4   0x080002a4   0x00000020   Code   RO           99    .text.HAL_Delay     py32f002b_hal.o
    0x080002c4   0x080002c4   0x000000e8   Code   RO          238    .text.HAL_GPIO_DeInit  py32f002b_hal_gpio.o
    0x080003ac   0x080003ac   0x00000178   Code   RO          236    .text.HAL_GPIO_Init  py32f002b_hal_gpio.o
    0x08000524   0x08000524   0x0000000a   Code   RO          240    .text.HAL_GPIO_ReadPin  py32f002b_hal_gpio.o
    0x0800052e   0x0800052e   0x00000010   Code   RO          242    .text.HAL_GPIO_WritePin  py32f002b_hal_gpio.o
    0x0800053e   0x0800053e   0x00000002   PAD
    0x08000540   0x08000540   0x00000008   Code   RO           91    .text.HAL_GetTick   py32f002b_hal.o
    0x08000548   0x08000548   0x00000014   Code   RO           89    .text.HAL_IncTick   py32f002b_hal.o
    0x0800055c   0x0800055c   0x00000018   Code   RO           79    .text.HAL_Init      py32f002b_hal.o
    0x08000574   0x08000574   0x00000044   Code   RO           81    .text.HAL_InitTick  py32f002b_hal.o
    0x080005b8   0x080005b8   0x0000002c   Code   RO           40    .text.HAL_MspInit   py32f002b_hal_msp.o
    0x080005e4   0x080005e4   0x00000014   Code   RO          154    .text.HAL_NVIC_EnableIRQ  py32f002b_hal_cortex.o
    0x080005f8   0x080005f8   0x00000038   Code   RO          152    .text.HAL_NVIC_SetPriority  py32f002b_hal_cortex.o
    0x08000630   0x08000630   0x000001a8   Code   RO          295    .text.HAL_RCC_ClockConfig  py32f002b_hal_rcc.o
    0x080007d8   0x080007d8   0x00000354   Code   RO          291    .text.HAL_RCC_OscConfig  py32f002b_hal_rcc.o
    0x08000b2c   0x08000b2c   0x0000002c   Code   RO          348    .text.HAL_SPI_DeInit  py32f002b_hal_spi.o
    0x08000b58   0x08000b58   0x00000092   Code   RO          344    .text.HAL_SPI_Init  py32f002b_hal_spi.o
    0x08000bea   0x08000bea   0x00000002   PAD
    0x08000bec   0x08000bec   0x0000002c   Code   RO           44    .text.HAL_SPI_MspDeInit  py32f002b_hal_msp.o
    0x08000c18   0x08000c18   0x0000009c   Code   RO           42    .text.HAL_SPI_MspInit  py32f002b_hal_msp.o
    0x08000cb4   0x08000cb4   0x00000034   Code   RO          160    .text.HAL_SYSTICK_Config  py32f002b_hal_cortex.o
    0x08000ce8   0x08000ce8   0x00000002   Code   RO           58    .text.HardFault_Handler  py32f002b_it.o
    0x08000cea   0x08000cea   0x00000002   PAD
    0x08000cec   0x08000cec   0x0000041c   Code   RO          543    .text.LORALIB_LORA_Init  lora_lib.o
    0x08001108   0x08001108   0x00000218   Code   RO          549    .text.LORALIB_LORA_ReceivePacket  lora_lib.o
    0x08001320   0x08001320   0x0000024c   Code   RO          545    .text.LORALIB_LORA_SendPacket  lora_lib.o
    0x0800156c   0x0800156c   0x00000002   Code   RO           56    .text.NMI_Handler   py32f002b_it.o
    0x0800156e   0x0800156e   0x00000002   Code   RO           62    .text.PendSV_Handler  py32f002b_it.o
    0x08001570   0x08001570   0x00000002   Code   RO           60    .text.SVC_Handler   py32f002b_it.o
    0x08001572   0x08001572   0x00000008   Code   RO           64    .text.SysTick_Handler  py32f002b_it.o
    0x0800157a   0x0800157a   0x00000002   PAD
    0x0800157c   0x0800157c   0x00000054   Code   RO           13    .text.SystemInit    system_py32f002b.o
    0x080015d0   0x080015d0   0x000000f0   Code   RO           27    .text.main          main.o
    0x080016c0   0x080016c0   0x000001f6   Code   RO          574    .text_divfast       c_p.l(aeabi_sdivfast.o)
    0x080018b6   0x080018b6   0x00000002   PAD
    0x080018b8   0x080018b8   0x00000040   Data   RO           16    .rodata.AHBPrescTable  system_py32f002b.o
    0x080018f8   0x080018f8   0x00000020   Data   RO          317    .rodata.cst32       py32f002b_hal_rcc.o
    0x08001918   0x08001918   0x00000020   Data   RO          902    Region$$Table       anon$$obj.o


    Execution Region RW_IRAM1 (Exec base: 0x20000000, Load base: 0x08001938, Size: 0x000004c8, Max: 0x00000c00, ABSOLUTE)

    Exec Addr    Load Addr    Size         Type   Attr      Idx    E Section Name        Object

    0x20000000   0x08001938   0x00000004   Data   RW           15    .data.SystemCoreClock  system_py32f002b.o
    0x20000004   0x0800193c   0x00000004   Data   RW          140    .data.uwTickFreq    py32f002b_hal.o
    0x20000008   0x08001940   0x00000004   Data   RW          139    .data.uwTickPrio    py32f002b_hal.o
    0x2000000c   0x08001944   0x00000004   PAD
    0x20000010        -       0x00000060   Zero   RW          813    .bss                c_p.l(libspace.o)
    0x20000070        -       0x00000001   Zero   RW           69    .bss.EXTI_Flag      py32f002b_it.o
    0x20000071   0x08001944   0x00000003   PAD
    0x20000074        -       0x00000004   Zero   RW           70    .bss.Past_Impuls_Timing  py32f002b_it.o
    0x20000078        -       0x00000044   Zero   RW          551    .bss.Spi1Handle     lora_lib.o
    0x200000bc        -       0x00000001   Zero   RW           68    .bss.cnt            py32f002b_it.o
    0x200000bd   0x08001944   0x00000003   PAD
    0x200000c0        -       0x00000004   Zero   RW          141    .bss.uwTick         py32f002b_hal.o
    0x200000c4   0x08001944   0x00000004   PAD
    0x200000c8        -       0x00000000   Zero   RW            2    HEAP                startup_py32f002bxx.o
    0x200000c8        -       0x00000400   Zero   RW            1    STACK               startup_py32f002bxx.o


==============================================================================

Image component sizes


      Code (inc. data)   RO Data    RW Data    ZI Data      Debug   Object Name

      2176         28          0          0         68      13267   lora_lib.o
       242         20          0          0          0       3665   main.o
       152          8          0          8          4       6708   py32f002b_hal.o
       128         24          0          0          0       5075   py32f002b_hal_cortex.o
       634         16          0          0          0       4444   py32f002b_hal_gpio.o
       244         16          0          0          0       4683   py32f002b_hal_msp.o
      1276         64         32          0          0       7935   py32f002b_hal_rcc.o
       190          0          0          0          0      16549   py32f002b_hal_spi.o
        84         12          0          0          6       2131   py32f002b_it.o
        52         22        192          0       1024        616   startup_py32f002bxx.o
        84         20         64          4          0       2170   system_py32f002b.o

    ----------------------------------------------------------------------
      5270        230        320         12       1116      67243   Object Totals
         0          0         32          0          0          0   (incl. Generated)
         8          0          0          0         14          0   (incl. Padding)

    ----------------------------------------------------------------------

      Code (inc. data)   RO Data    RW Data    ZI Data      Debug   Library Member Name

         8          0          0          0          0         68   __main.o
         0          0          0          0          0          0   __rtentry.o
        12          0          0          0          0          0   __rtentry2.o
         6          0          0          0          0          0   __rtentry4.o
        86         10          0          0          0          0   __scatter.o
        26          0          0          0          0          0   __scatter_copy.o
        28          0          0          0          0          0   __scatter_zi.o
       502          0          0          0          0         92   aeabi_sdivfast.o
        16          0          0          0          0         68   exit.o
         6          0          0          0          0        136   heapauxi.o
         0          0          0          0          0          0   indicate_semi.o
         2          0          0          0          0          0   libinit.o
         2          0          0          0          0          0   libinit2.o
         2          0          0          0          0          0   libshutdown.o
         2          0          0          0          0          0   libshutdown2.o
         8          4          0          0         96         68   libspace.o
        64          0          0          0          0        108   rt_memclr.o
         2          0          0          0          0          0   rtexit.o
        10          0          0          0          0          0   rtexit2.o
        12          4          0          0          0         60   sys_exit.o
        62          0          0          0          0         80   sys_stackheap_outer.o
         2          0          0          0          0         68   use_no_semi.o

    ----------------------------------------------------------------------
       866         18          0          0         96        748   Library Totals
         8          0          0          0          0          0   (incl. Padding)

    ----------------------------------------------------------------------

      Code (inc. data)   RO Data    RW Data    ZI Data      Debug   Library Name

       858         18          0          0         96        748   c_p.l

    ----------------------------------------------------------------------
       866         18          0          0         96        748   Library Totals

    ----------------------------------------------------------------------

==============================================================================


      Code (inc. data)   RO Data    RW Data    ZI Data      Debug   

      6136        248        320         12       1212      67691   Grand Totals
      6136        248        320         12       1212      67691   ELF Image Totals
      6136        248        320         12          0          0   ROM Totals

==============================================================================

    Total RO  Size (Code + RO Data)                 6456 (   6.30kB)
    Total RW  Size (RW Data + ZI Data)              1224 (   1.20kB)
    Total ROM Size (Code + RO Data + RW Data)       6468 (   6.32kB)

==============================================================================

